[2024-12-11T12:35:13.675+0530][gc,heap] Heap region size: 1M
[2024-12-11T12:35:13.677+0530][gc     ] Using G1
[2024-12-11T12:35:13.677+0530][gc,heap,coops] Heap address: 0x0000000780000000, size: 1024 MB, Compressed Oops mode: Zero based, Oop shift amount: 3
[2024-12-11T12:35:14.059+0530][gc,start     ] GC(0) Pause Young (Normal) (G1 Evacuation Pause)
[2024-12-11T12:35:14.060+0530][gc,task      ] GC(0) Using 8 workers of 8 for evacuation
[2024-12-11T12:35:14.064+0530][gc,phases    ] GC(0)   Pre Evacuate Collection Set: 0.0ms
[2024-12-11T12:35:14.064+0530][gc,phases    ] GC(0)   Evacuate Collection Set: 3.7ms
[2024-12-11T12:35:14.064+0530][gc,phases    ] GC(0)   Post Evacuate Collection Set: 0.3ms
[2024-12-11T12:35:14.064+0530][gc,phases    ] GC(0)   Other: 0.3ms
[2024-12-11T12:35:14.064+0530][gc,heap      ] GC(0) Eden regions: 51->0(44)
[2024-12-11T12:35:14.064+0530][gc,heap      ] GC(0) Survivor regions: 0->7(7)
[2024-12-11T12:35:14.064+0530][gc,heap      ] GC(0) Old regions: 0->2
[2024-12-11T12:35:14.064+0530][gc,heap      ] GC(0) Humongous regions: 0->0
[2024-12-11T12:35:14.064+0530][gc,metaspace ] GC(0) Metaspace: 20162K(20736K)->20162K(20736K) NonClass: 17857K(18176K)->17857K(18176K) Class: 2305K(2560K)->2305K(2560K)
[2024-12-11T12:35:14.064+0530][gc           ] GC(0) Pause Young (Normal) (G1 Evacuation Pause) 51M->8M(1024M) 4.372ms
[2024-12-11T12:35:14.064+0530][gc,cpu       ] GC(0) User=0.03s Sys=0.01s Real=0.01s
[2024-12-11T12:35:14.076+0530][gc,start     ] GC(1) Pause Young (Concurrent Start) (Metadata GC Threshold)
[2024-12-11T12:35:14.076+0530][gc,task      ] GC(1) Using 8 workers of 8 for evacuation
[2024-12-11T12:35:14.078+0530][gc,phases    ] GC(1)   Pre Evacuate Collection Set: 0.0ms
[2024-12-11T12:35:14.078+0530][gc,phases    ] GC(1)   Evacuate Collection Set: 1.9ms
[2024-12-11T12:35:14.078+0530][gc,phases    ] GC(1)   Post Evacuate Collection Set: 0.2ms
[2024-12-11T12:35:14.078+0530][gc,phases    ] GC(1)   Other: 0.1ms
[2024-12-11T12:35:14.079+0530][gc,heap      ] GC(1) Eden regions: 3->0(50)
[2024-12-11T12:35:14.079+0530][gc,heap      ] GC(1) Survivor regions: 7->1(7)
[2024-12-11T12:35:14.079+0530][gc,heap      ] GC(1) Old regions: 2->8
[2024-12-11T12:35:14.079+0530][gc,heap      ] GC(1) Humongous regions: 0->0
[2024-12-11T12:35:14.079+0530][gc,metaspace ] GC(1) Metaspace: 20655K(21296K)->20655K(21296K) NonClass: 18287K(18608K)->18287K(18608K) Class: 2367K(2688K)->2367K(2688K)
[2024-12-11T12:35:14.079+0530][gc           ] GC(1) Pause Young (Concurrent Start) (Metadata GC Threshold) 11M->8M(1024M) 2.313ms
[2024-12-11T12:35:14.079+0530][gc,cpu       ] GC(1) User=0.01s Sys=0.00s Real=0.00s
[2024-12-11T12:35:14.079+0530][gc           ] GC(2) Concurrent Cycle
[2024-12-11T12:35:14.079+0530][gc,marking   ] GC(2) Concurrent Clear Claimed Marks
[2024-12-11T12:35:14.079+0530][gc,marking   ] GC(2) Concurrent Clear Claimed Marks 0.008ms
[2024-12-11T12:35:14.079+0530][gc,marking   ] GC(2) Concurrent Scan Root Regions
[2024-12-11T12:35:14.079+0530][gc,marking   ] GC(2) Concurrent Scan Root Regions 0.107ms
[2024-12-11T12:35:14.079+0530][gc,marking   ] GC(2) Concurrent Mark (0.408s)
[2024-12-11T12:35:14.079+0530][gc,marking   ] GC(2) Concurrent Mark From Roots
[2024-12-11T12:35:14.079+0530][gc,task      ] GC(2) Using 2 workers of 2 for marking
[2024-12-11T12:35:14.081+0530][gc,marking   ] GC(2) Concurrent Mark From Roots 2.351ms
[2024-12-11T12:35:14.081+0530][gc,marking   ] GC(2) Concurrent Preclean
[2024-12-11T12:35:14.081+0530][gc,marking   ] GC(2) Concurrent Preclean 0.023ms
[2024-12-11T12:35:14.081+0530][gc,marking   ] GC(2) Concurrent Mark (0.408s, 0.411s) 2.412ms
[2024-12-11T12:35:14.081+0530][gc,start     ] GC(2) Pause Remark
[2024-12-11T12:35:14.082+0530][gc,stringtable] GC(2) Cleaned string and symbol table, strings: 8195 processed, 0 removed, symbols: 69036 processed, 39 removed
[2024-12-11T12:35:14.082+0530][gc            ] GC(2) Pause Remark 9M->9M(1024M) 1.131ms
[2024-12-11T12:35:14.082+0530][gc,cpu        ] GC(2) User=0.00s Sys=0.00s Real=0.00s
[2024-12-11T12:35:14.082+0530][gc,marking    ] GC(2) Concurrent Rebuild Remembered Sets
[2024-12-11T12:35:14.084+0530][gc,marking    ] GC(2) Concurrent Rebuild Remembered Sets 1.820ms
[2024-12-11T12:35:14.084+0530][gc,start      ] GC(2) Pause Cleanup
[2024-12-11T12:35:14.084+0530][gc            ] GC(2) Pause Cleanup 9M->9M(1024M) 0.081ms
[2024-12-11T12:35:14.084+0530][gc,cpu        ] GC(2) User=0.00s Sys=0.00s Real=0.00s
[2024-12-11T12:35:14.084+0530][gc,marking    ] GC(2) Concurrent Cleanup for Next Mark
[2024-12-11T12:35:14.086+0530][gc,marking    ] GC(2) Concurrent Cleanup for Next Mark 1.102ms
[2024-12-11T12:35:14.086+0530][gc            ] GC(2) Concurrent Cycle 7.043ms
[2024-12-11T12:35:14.418+0530][gc,heap,exit  ] Heap
[2024-12-11T12:35:14.418+0530][gc,heap,exit  ]  garbage-first heap   total 1048576K, used 40357K [0x0000000780000000, 0x00000007c0000000)
[2024-12-11T12:35:14.418+0530][gc,heap,exit  ]   region size 1024K, 33 young (33792K), 1 survivors (1024K)
[2024-12-11T12:35:14.418+0530][gc,heap,exit  ]  Metaspace       used 26669K, capacity 27167K, committed 27440K, reserved 1073152K
[2024-12-11T12:35:14.418+0530][gc,heap,exit  ]   class space    used 3096K, capacity 3335K, committed 3456K, reserved 1048576K
