[2024-12-11T12:30:14.976+0530][gc,heap] Heap region size: 1M
[2024-12-11T12:30:14.989+0530][gc     ] Using G1
[2024-12-11T12:30:14.989+0530][gc,heap,coops] Heap address: 0x0000000780000000, size: 1024 MB, Compressed Oops mode: Zero based, Oop shift amount: 3
[2024-12-11T12:30:15.511+0530][gc,start     ] GC(0) Pause Young (Normal) (G1 Evacuation Pause)
[2024-12-11T12:30:15.511+0530][gc,task      ] GC(0) Using 8 workers of 8 for evacuation
[2024-12-11T12:30:15.516+0530][gc,phases    ] GC(0)   Pre Evacuate Collection Set: 0.0ms
[2024-12-11T12:30:15.516+0530][gc,phases    ] GC(0)   Evacuate Collection Set: 4.3ms
[2024-12-11T12:30:15.516+0530][gc,phases    ] GC(0)   Post Evacuate Collection Set: 0.4ms
[2024-12-11T12:30:15.516+0530][gc,phases    ] GC(0)   Other: 0.3ms
[2024-12-11T12:30:15.516+0530][gc,heap      ] GC(0) Eden regions: 51->0(44)
[2024-12-11T12:30:15.516+0530][gc,heap      ] GC(0) Survivor regions: 0->7(7)
[2024-12-11T12:30:15.516+0530][gc,heap      ] GC(0) Old regions: 0->1
[2024-12-11T12:30:15.516+0530][gc,heap      ] GC(0) Humongous regions: 0->0
[2024-12-11T12:30:15.516+0530][gc,metaspace ] GC(0) Metaspace: 20222K(20736K)->20222K(20736K) NonClass: 17911K(18176K)->17911K(18176K) Class: 2311K(2560K)->2311K(2560K)
[2024-12-11T12:30:15.516+0530][gc           ] GC(0) Pause Young (Normal) (G1 Evacuation Pause) 51M->7M(1024M) 5.075ms
[2024-12-11T12:30:15.516+0530][gc,cpu       ] GC(0) User=0.03s Sys=0.00s Real=0.00s
[2024-12-11T12:30:15.535+0530][gc,start     ] GC(1) Pause Young (Concurrent Start) (Metadata GC Threshold)
[2024-12-11T12:30:15.535+0530][gc,task      ] GC(1) Using 8 workers of 8 for evacuation
[2024-12-11T12:30:15.537+0530][gc,phases    ] GC(1)   Pre Evacuate Collection Set: 0.0ms
[2024-12-11T12:30:15.537+0530][gc,phases    ] GC(1)   Evacuate Collection Set: 2.4ms
[2024-12-11T12:30:15.537+0530][gc,phases    ] GC(1)   Post Evacuate Collection Set: 0.2ms
[2024-12-11T12:30:15.537+0530][gc,phases    ] GC(1)   Other: 0.2ms
[2024-12-11T12:30:15.537+0530][gc,heap      ] GC(1) Eden regions: 3->0(50)
[2024-12-11T12:30:15.537+0530][gc,heap      ] GC(1) Survivor regions: 7->1(7)
[2024-12-11T12:30:15.537+0530][gc,heap      ] GC(1) Old regions: 1->8
[2024-12-11T12:30:15.537+0530][gc,heap      ] GC(1) Humongous regions: 0->0
[2024-12-11T12:30:15.537+0530][gc,metaspace ] GC(1) Metaspace: 20659K(21296K)->20659K(21296K) NonClass: 18290K(18608K)->18290K(18608K) Class: 2368K(2688K)->2368K(2688K)
[2024-12-11T12:30:15.537+0530][gc           ] GC(1) Pause Young (Concurrent Start) (Metadata GC Threshold) 10M->8M(1024M) 2.850ms
[2024-12-11T12:30:15.537+0530][gc,cpu       ] GC(1) User=0.01s Sys=0.00s Real=0.00s
[2024-12-11T12:30:15.537+0530][gc           ] GC(2) Concurrent Cycle
[2024-12-11T12:30:15.537+0530][gc,marking   ] GC(2) Concurrent Clear Claimed Marks
[2024-12-11T12:30:15.538+0530][gc,marking   ] GC(2) Concurrent Clear Claimed Marks 0.011ms
[2024-12-11T12:30:15.538+0530][gc,marking   ] GC(2) Concurrent Scan Root Regions
[2024-12-11T12:30:15.538+0530][gc,marking   ] GC(2) Concurrent Scan Root Regions 0.095ms
[2024-12-11T12:30:15.538+0530][gc,marking   ] GC(2) Concurrent Mark (0.576s)
[2024-12-11T12:30:15.538+0530][gc,marking   ] GC(2) Concurrent Mark From Roots
[2024-12-11T12:30:15.538+0530][gc,task      ] GC(2) Using 2 workers of 2 for marking
[2024-12-11T12:30:15.540+0530][gc,marking   ] GC(2) Concurrent Mark From Roots 2.574ms
[2024-12-11T12:30:15.540+0530][gc,marking   ] GC(2) Concurrent Preclean
[2024-12-11T12:30:15.540+0530][gc,marking   ] GC(2) Concurrent Preclean 0.035ms
[2024-12-11T12:30:15.540+0530][gc,marking   ] GC(2) Concurrent Mark (0.576s, 0.579s) 2.652ms
[2024-12-11T12:30:15.540+0530][gc,start     ] GC(2) Pause Remark
[2024-12-11T12:30:15.541+0530][gc,stringtable] GC(2) Cleaned string and symbol table, strings: 8173 processed, 0 removed, symbols: 69001 processed, 39 removed
[2024-12-11T12:30:15.541+0530][gc            ] GC(2) Pause Remark 9M->9M(1024M) 1.011ms
[2024-12-11T12:30:15.541+0530][gc,cpu        ] GC(2) User=0.00s Sys=0.00s Real=0.00s
[2024-12-11T12:30:15.541+0530][gc,marking    ] GC(2) Concurrent Rebuild Remembered Sets
[2024-12-11T12:30:15.543+0530][gc,marking    ] GC(2) Concurrent Rebuild Remembered Sets 1.902ms
[2024-12-11T12:30:15.543+0530][gc,start      ] GC(2) Pause Cleanup
[2024-12-11T12:30:15.544+0530][gc            ] GC(2) Pause Cleanup 9M->9M(1024M) 0.070ms
[2024-12-11T12:30:15.544+0530][gc,cpu        ] GC(2) User=0.00s Sys=0.00s Real=0.00s
[2024-12-11T12:30:15.544+0530][gc,marking    ] GC(2) Concurrent Cleanup for Next Mark
[2024-12-11T12:30:15.545+0530][gc,marking    ] GC(2) Concurrent Cleanup for Next Mark 1.117ms
[2024-12-11T12:30:15.545+0530][gc            ] GC(2) Concurrent Cycle 7.185ms
[2024-12-11T12:30:15.979+0530][gc,start      ] GC(3) Pause Young (Normal) (G1 Evacuation Pause)
[2024-12-11T12:30:15.979+0530][gc,task       ] GC(3) Using 8 workers of 8 for evacuation
[2024-12-11T12:30:15.981+0530][gc,phases     ] GC(3)   Pre Evacuate Collection Set: 0.0ms
[2024-12-11T12:30:15.981+0530][gc,phases     ] GC(3)   Evacuate Collection Set: 1.9ms
[2024-12-11T12:30:15.981+0530][gc,phases     ] GC(3)   Post Evacuate Collection Set: 0.2ms
[2024-12-11T12:30:15.981+0530][gc,phases     ] GC(3)   Other: 0.1ms
[2024-12-11T12:30:15.981+0530][gc,heap       ] GC(3) Eden regions: 50->0(48)
[2024-12-11T12:30:15.981+0530][gc,heap       ] GC(3) Survivor regions: 1->3(7)
[2024-12-11T12:30:15.981+0530][gc,heap       ] GC(3) Old regions: 8->8
[2024-12-11T12:30:15.981+0530][gc,heap       ] GC(3) Humongous regions: 129->129
[2024-12-11T12:30:15.981+0530][gc,metaspace  ] GC(3) Metaspace: 30050K(31024K)->30050K(31024K) NonClass: 26482K(27056K)->26482K(27056K) Class: 3568K(3968K)->3568K(3968K)
[2024-12-11T12:30:15.981+0530][gc            ] GC(3) Pause Young (Normal) (G1 Evacuation Pause) 187M->139M(1024M) 2.318ms
[2024-12-11T12:30:15.981+0530][gc,cpu        ] GC(3) User=0.01s Sys=0.00s Real=0.01s
[2024-12-11T12:30:16.094+0530][gc,start      ] GC(4) Pause Young (Concurrent Start) (Metadata GC Threshold)
[2024-12-11T12:30:16.095+0530][gc,task       ] GC(4) Using 8 workers of 8 for evacuation
[2024-12-11T12:30:16.098+0530][gc,phases     ] GC(4)   Pre Evacuate Collection Set: 0.0ms
[2024-12-11T12:30:16.098+0530][gc,phases     ] GC(4)   Evacuate Collection Set: 3.4ms
[2024-12-11T12:30:16.098+0530][gc,phases     ] GC(4)   Post Evacuate Collection Set: 0.1ms
[2024-12-11T12:30:16.098+0530][gc,phases     ] GC(4)   Other: 0.1ms
[2024-12-11T12:30:16.098+0530][gc,heap       ] GC(4) Eden regions: 27->0(47)
[2024-12-11T12:30:16.098+0530][gc,heap       ] GC(4) Survivor regions: 3->4(7)
[2024-12-11T12:30:16.098+0530][gc,heap       ] GC(4) Old regions: 8->8
[2024-12-11T12:30:16.098+0530][gc,heap       ] GC(4) Humongous regions: 129->129
[2024-12-11T12:30:16.098+0530][gc,metaspace  ] GC(4) Metaspace: 34947K(35920K)->34947K(35920K) NonClass: 31054K(31568K)->31054K(31568K) Class: 3893K(4352K)->3893K(4352K)
[2024-12-11T12:30:16.098+0530][gc            ] GC(4) Pause Young (Concurrent Start) (Metadata GC Threshold) 165M->140M(1024M) 3.748ms
[2024-12-11T12:30:16.098+0530][gc,cpu        ] GC(4) User=0.01s Sys=0.00s Real=0.00s
[2024-12-11T12:30:16.098+0530][gc            ] GC(5) Concurrent Cycle
[2024-12-11T12:30:16.098+0530][gc,marking    ] GC(5) Concurrent Clear Claimed Marks
[2024-12-11T12:30:16.098+0530][gc,marking    ] GC(5) Concurrent Clear Claimed Marks 0.014ms
[2024-12-11T12:30:16.098+0530][gc,marking    ] GC(5) Concurrent Scan Root Regions
[2024-12-11T12:30:16.099+0530][gc,marking    ] GC(5) Concurrent Scan Root Regions 0.875ms
[2024-12-11T12:30:16.099+0530][gc,marking    ] GC(5) Concurrent Mark (1.138s)
[2024-12-11T12:30:16.099+0530][gc,marking    ] GC(5) Concurrent Mark From Roots
[2024-12-11T12:30:16.099+0530][gc,task       ] GC(5) Using 2 workers of 2 for marking
[2024-12-11T12:30:16.102+0530][gc,marking    ] GC(5) Concurrent Mark From Roots 2.440ms
[2024-12-11T12:30:16.102+0530][gc,marking    ] GC(5) Concurrent Preclean
[2024-12-11T12:30:16.102+0530][gc,marking    ] GC(5) Concurrent Preclean 0.021ms
[2024-12-11T12:30:16.102+0530][gc,marking    ] GC(5) Concurrent Mark (1.138s, 1.140s) 2.484ms
[2024-12-11T12:30:16.102+0530][gc,start      ] GC(5) Pause Remark
[2024-12-11T12:30:16.103+0530][gc,stringtable] GC(5) Cleaned string and symbol table, strings: 13671 processed, 11 removed, symbols: 103876 processed, 20 removed
[2024-12-11T12:30:16.103+0530][gc            ] GC(5) Pause Remark 141M->141M(1024M) 1.085ms
[2024-12-11T12:30:16.103+0530][gc,cpu        ] GC(5) User=0.01s Sys=0.01s Real=0.00s
[2024-12-11T12:30:16.103+0530][gc,marking    ] GC(5) Concurrent Rebuild Remembered Sets
[2024-12-11T12:30:16.105+0530][gc,marking    ] GC(5) Concurrent Rebuild Remembered Sets 1.857ms
[2024-12-11T12:30:16.105+0530][gc,start      ] GC(5) Pause Cleanup
[2024-12-11T12:30:16.105+0530][gc            ] GC(5) Pause Cleanup 141M->141M(1024M) 0.068ms
[2024-12-11T12:30:16.105+0530][gc,cpu        ] GC(5) User=0.00s Sys=0.00s Real=0.00s
[2024-12-11T12:30:16.105+0530][gc,marking    ] GC(5) Concurrent Cleanup for Next Mark
[2024-12-11T12:30:16.106+0530][gc,marking    ] GC(5) Concurrent Cleanup for Next Mark 1.222ms
[2024-12-11T12:30:16.106+0530][gc            ] GC(5) Concurrent Cycle 7.865ms
[2024-12-11T12:30:16.451+0530][gc,heap,exit  ] Heap
[2024-12-11T12:30:16.451+0530][gc,heap,exit  ]  garbage-first heap   total 1048576K, used 187588K [0x0000000780000000, 0x00000007c0000000)
[2024-12-11T12:30:16.451+0530][gc,heap,exit  ]   region size 1024K, 48 young (49152K), 4 survivors (4096K)
[2024-12-11T12:30:16.451+0530][gc,heap,exit  ]  Metaspace       used 40451K, capacity 41718K, committed 41936K, reserved 1085440K
[2024-12-11T12:30:16.451+0530][gc,heap,exit  ]   class space    used 4668K, capacity 5246K, committed 5248K, reserved 1048576K
