[2024-12-13T16:56:32.688+0530][gc,heap] Heap region size: 1M
[2024-12-13T16:56:32.689+0530][gc     ] Using G1
[2024-12-13T16:56:32.689+0530][gc,heap,coops] Heap address: 0x0000000780000000, size: 1024 MB, Compressed Oops mode: Zero based, Oop shift amount: 3
[2024-12-13T16:56:33.069+0530][gc,start     ] GC(0) Pause Young (Normal) (G1 Evacuation Pause)
[2024-12-13T16:56:33.069+0530][gc,task      ] GC(0) Using 8 workers of 8 for evacuation
[2024-12-13T16:56:33.073+0530][gc,phases    ] GC(0)   Pre Evacuate Collection Set: 0.0ms
[2024-12-13T16:56:33.073+0530][gc,phases    ] GC(0)   Evacuate Collection Set: 3.5ms
[2024-12-13T16:56:33.073+0530][gc,phases    ] GC(0)   Post Evacuate Collection Set: 0.4ms
[2024-12-13T16:56:33.073+0530][gc,phases    ] GC(0)   Other: 0.3ms
[2024-12-13T16:56:33.073+0530][gc,heap      ] GC(0) Eden regions: 51->0(44)
[2024-12-13T16:56:33.073+0530][gc,heap      ] GC(0) Survivor regions: 0->7(7)
[2024-12-13T16:56:33.073+0530][gc,heap      ] GC(0) Old regions: 0->2
[2024-12-13T16:56:33.073+0530][gc,heap      ] GC(0) Humongous regions: 0->0
[2024-12-13T16:56:33.073+0530][gc,metaspace ] GC(0) Metaspace: 20209K(20736K)->20209K(20736K) NonClass: 17898K(18176K)->17898K(18176K) Class: 2310K(2560K)->2310K(2560K)
[2024-12-13T16:56:33.073+0530][gc           ] GC(0) Pause Young (Normal) (G1 Evacuation Pause) 51M->8M(1024M) 4.301ms
[2024-12-13T16:56:33.073+0530][gc,cpu       ] GC(0) User=0.02s Sys=0.00s Real=0.01s
[2024-12-13T16:56:33.085+0530][gc,start     ] GC(1) Pause Young (Concurrent Start) (Metadata GC Threshold)
[2024-12-13T16:56:33.085+0530][gc,task      ] GC(1) Using 8 workers of 8 for evacuation
[2024-12-13T16:56:33.091+0530][gc,phases    ] GC(1)   Pre Evacuate Collection Set: 0.0ms
[2024-12-13T16:56:33.091+0530][gc,phases    ] GC(1)   Evacuate Collection Set: 5.0ms
[2024-12-13T16:56:33.092+0530][gc,phases    ] GC(1)   Post Evacuate Collection Set: 1.1ms
[2024-12-13T16:56:33.093+0530][gc,phases    ] GC(1)   Other: 0.2ms
[2024-12-13T16:56:33.093+0530][gc,heap      ] GC(1) Eden regions: 3->0(50)
[2024-12-13T16:56:33.093+0530][gc,heap      ] GC(1) Survivor regions: 7->1(7)
[2024-12-13T16:56:33.093+0530][gc,heap      ] GC(1) Old regions: 2->8
[2024-12-13T16:56:33.093+0530][gc,heap      ] GC(1) Humongous regions: 0->0
[2024-12-13T16:56:33.093+0530][gc,metaspace ] GC(1) Metaspace: 20649K(21296K)->20649K(21296K) NonClass: 18281K(18608K)->18281K(18608K) Class: 2368K(2688K)->2368K(2688K)
[2024-12-13T16:56:33.093+0530][gc           ] GC(1) Pause Young (Concurrent Start) (Metadata GC Threshold) 11M->8M(1024M) 8.170ms
[2024-12-13T16:56:33.093+0530][gc,cpu       ] GC(1) User=0.01s Sys=0.00s Real=0.01s
[2024-12-13T16:56:33.094+0530][gc           ] GC(2) Concurrent Cycle
[2024-12-13T16:56:33.094+0530][gc,marking   ] GC(2) Concurrent Clear Claimed Marks
[2024-12-13T16:56:33.094+0530][gc,marking   ] GC(2) Concurrent Clear Claimed Marks 0.409ms
[2024-12-13T16:56:33.094+0530][gc,marking   ] GC(2) Concurrent Scan Root Regions
[2024-12-13T16:56:33.095+0530][gc,marking   ] GC(2) Concurrent Scan Root Regions 1.270ms
[2024-12-13T16:56:33.095+0530][gc,marking   ] GC(2) Concurrent Mark (0.412s)
[2024-12-13T16:56:33.095+0530][gc,marking   ] GC(2) Concurrent Mark From Roots
[2024-12-13T16:56:33.095+0530][gc,task      ] GC(2) Using 2 workers of 2 for marking
[2024-12-13T16:56:33.100+0530][gc,marking   ] GC(2) Concurrent Mark From Roots 4.172ms
[2024-12-13T16:56:33.100+0530][gc,marking   ] GC(2) Concurrent Preclean
[2024-12-13T16:56:33.100+0530][gc,marking   ] GC(2) Concurrent Preclean 0.042ms
[2024-12-13T16:56:33.100+0530][gc,marking   ] GC(2) Concurrent Mark (0.412s, 0.416s) 4.270ms
[2024-12-13T16:56:33.100+0530][gc,start     ] GC(2) Pause Remark
[2024-12-13T16:56:33.101+0530][gc,stringtable] GC(2) Cleaned string and symbol table, strings: 8179 processed, 0 removed, symbols: 69005 processed, 39 removed
[2024-12-13T16:56:33.101+0530][gc            ] GC(2) Pause Remark 9M->9M(1024M) 1.051ms
[2024-12-13T16:56:33.101+0530][gc,cpu        ] GC(2) User=0.01s Sys=0.00s Real=0.00s
[2024-12-13T16:56:33.101+0530][gc,marking    ] GC(2) Concurrent Rebuild Remembered Sets
[2024-12-13T16:56:33.103+0530][gc,marking    ] GC(2) Concurrent Rebuild Remembered Sets 1.815ms
[2024-12-13T16:56:33.103+0530][gc,start      ] GC(2) Pause Cleanup
[2024-12-13T16:56:33.103+0530][gc            ] GC(2) Pause Cleanup 9M->9M(1024M) 0.069ms
[2024-12-13T16:56:33.103+0530][gc,cpu        ] GC(2) User=0.00s Sys=0.00s Real=0.00s
[2024-12-13T16:56:33.103+0530][gc,marking    ] GC(2) Concurrent Cleanup for Next Mark
[2024-12-13T16:56:33.104+0530][gc,marking    ] GC(2) Concurrent Cleanup for Next Mark 1.144ms
[2024-12-13T16:56:33.104+0530][gc            ] GC(2) Concurrent Cycle 10.488ms
[2024-12-13T16:56:33.429+0530][gc,start      ] GC(3) Pause Young (Normal) (G1 Evacuation Pause)
[2024-12-13T16:56:33.429+0530][gc,task       ] GC(3) Using 8 workers of 8 for evacuation
[2024-12-13T16:56:33.431+0530][gc,phases     ] GC(3)   Pre Evacuate Collection Set: 0.0ms
[2024-12-13T16:56:33.431+0530][gc,phases     ] GC(3)   Evacuate Collection Set: 1.1ms
[2024-12-13T16:56:33.431+0530][gc,phases     ] GC(3)   Post Evacuate Collection Set: 0.1ms
[2024-12-13T16:56:33.431+0530][gc,phases     ] GC(3)   Other: 0.1ms
[2024-12-13T16:56:33.431+0530][gc,heap       ] GC(3) Eden regions: 50->0(49)
[2024-12-13T16:56:33.431+0530][gc,heap       ] GC(3) Survivor regions: 1->2(7)
[2024-12-13T16:56:33.431+0530][gc,heap       ] GC(3) Old regions: 8->8
[2024-12-13T16:56:33.431+0530][gc,heap       ] GC(3) Humongous regions: 0->0
[2024-12-13T16:56:33.431+0530][gc,metaspace  ] GC(3) Metaspace: 29751K(30768K)->29751K(30768K) NonClass: 26210K(26800K)->26210K(26800K) Class: 3540K(3968K)->3540K(3968K)
[2024-12-13T16:56:33.431+0530][gc            ] GC(3) Pause Young (Normal) (G1 Evacuation Pause) 58M->9M(1024M) 1.340ms
[2024-12-13T16:56:33.431+0530][gc,cpu        ] GC(3) User=0.01s Sys=0.00s Real=0.01s
[2024-12-13T16:56:33.673+0530][gc,start      ] GC(4) Pause Young (Concurrent Start) (Metadata GC Threshold)
[2024-12-13T16:56:33.673+0530][gc,task       ] GC(4) Using 8 workers of 8 for evacuation
[2024-12-13T16:56:33.675+0530][gc,phases     ] GC(4)   Pre Evacuate Collection Set: 0.0ms
[2024-12-13T16:56:33.675+0530][gc,phases     ] GC(4)   Evacuate Collection Set: 1.8ms
[2024-12-13T16:56:33.675+0530][gc,phases     ] GC(4)   Post Evacuate Collection Set: 0.1ms
[2024-12-13T16:56:33.675+0530][gc,phases     ] GC(4)   Other: 0.2ms
[2024-12-13T16:56:33.675+0530][gc,heap       ] GC(4) Eden regions: 35->0(47)
[2024-12-13T16:56:33.675+0530][gc,heap       ] GC(4) Survivor regions: 2->4(7)
[2024-12-13T16:56:33.675+0530][gc,heap       ] GC(4) Old regions: 8->8
[2024-12-13T16:56:33.675+0530][gc,heap       ] GC(4) Humongous regions: 129->129
[2024-12-13T16:56:33.675+0530][gc,metaspace  ] GC(4) Metaspace: 34858K(35888K)->34858K(35888K) NonClass: 30895K(31408K)->30895K(31408K) Class: 3963K(4480K)->3963K(4480K)
[2024-12-13T16:56:33.675+0530][gc            ] GC(4) Pause Young (Concurrent Start) (Metadata GC Threshold) 173M->139M(1024M) 2.152ms
[2024-12-13T16:56:33.675+0530][gc,cpu        ] GC(4) User=0.01s Sys=0.00s Real=0.00s
[2024-12-13T16:56:33.675+0530][gc            ] GC(5) Concurrent Cycle
[2024-12-13T16:56:33.675+0530][gc,marking    ] GC(5) Concurrent Clear Claimed Marks
[2024-12-13T16:56:33.675+0530][gc,marking    ] GC(5) Concurrent Clear Claimed Marks 0.015ms
[2024-12-13T16:56:33.675+0530][gc,marking    ] GC(5) Concurrent Scan Root Regions
[2024-12-13T16:56:33.676+0530][gc,marking    ] GC(5) Concurrent Scan Root Regions 0.834ms
[2024-12-13T16:56:33.676+0530][gc,marking    ] GC(5) Concurrent Mark (0.993s)
[2024-12-13T16:56:33.676+0530][gc,marking    ] GC(5) Concurrent Mark From Roots
[2024-12-13T16:56:33.676+0530][gc,task       ] GC(5) Using 2 workers of 2 for marking
[2024-12-13T16:56:33.679+0530][gc,marking    ] GC(5) Concurrent Mark From Roots 2.493ms
[2024-12-13T16:56:33.679+0530][gc,marking    ] GC(5) Concurrent Preclean
[2024-12-13T16:56:33.679+0530][gc,marking    ] GC(5) Concurrent Preclean 0.030ms
[2024-12-13T16:56:33.679+0530][gc,marking    ] GC(5) Concurrent Mark (0.993s, 0.996s) 2.577ms
[2024-12-13T16:56:33.679+0530][gc,start      ] GC(5) Pause Remark
[2024-12-13T16:56:33.680+0530][gc,stringtable] GC(5) Cleaned string and symbol table, strings: 11795 processed, 10 removed, symbols: 102009 processed, 19 removed
[2024-12-13T16:56:33.680+0530][gc            ] GC(5) Pause Remark 140M->140M(1024M) 1.275ms
[2024-12-13T16:56:33.680+0530][gc,cpu        ] GC(5) User=0.01s Sys=0.00s Real=0.01s
[2024-12-13T16:56:33.680+0530][gc,marking    ] GC(5) Concurrent Rebuild Remembered Sets
[2024-12-13T16:56:33.682+0530][gc,marking    ] GC(5) Concurrent Rebuild Remembered Sets 1.767ms
[2024-12-13T16:56:33.682+0530][gc,start      ] GC(5) Pause Cleanup
[2024-12-13T16:56:33.682+0530][gc            ] GC(5) Pause Cleanup 141M->141M(1024M) 0.055ms
[2024-12-13T16:56:33.682+0530][gc,cpu        ] GC(5) User=0.00s Sys=0.00s Real=0.00s
[2024-12-13T16:56:33.682+0530][gc,marking    ] GC(5) Concurrent Cleanup for Next Mark
[2024-12-13T16:56:33.683+0530][gc,marking    ] GC(5) Concurrent Cleanup for Next Mark 1.163ms
[2024-12-13T16:56:33.683+0530][gc            ] GC(5) Concurrent Cycle 7.979ms
[2024-12-13T16:56:33.874+0530][gc,start      ] GC(6) Pause Young (Normal) (G1 Evacuation Pause)
[2024-12-13T16:56:33.874+0530][gc,task       ] GC(6) Using 8 workers of 8 for evacuation
[2024-12-13T16:56:33.877+0530][gc,phases     ] GC(6)   Pre Evacuate Collection Set: 0.0ms
[2024-12-13T16:56:33.877+0530][gc,phases     ] GC(6)   Evacuate Collection Set: 2.9ms
[2024-12-13T16:56:33.877+0530][gc,phases     ] GC(6)   Post Evacuate Collection Set: 0.2ms
[2024-12-13T16:56:33.877+0530][gc,phases     ] GC(6)   Other: 0.1ms
[2024-12-13T16:56:33.877+0530][gc,heap       ] GC(6) Eden regions: 47->0(44)
[2024-12-13T16:56:33.877+0530][gc,heap       ] GC(6) Survivor regions: 4->7(7)
[2024-12-13T16:56:33.877+0530][gc,heap       ] GC(6) Old regions: 8->8
[2024-12-13T16:56:33.877+0530][gc,heap       ] GC(6) Humongous regions: 129->129
[2024-12-13T16:56:33.877+0530][gc,metaspace  ] GC(6) Metaspace: 42120K(43696K)->42120K(43696K) NonClass: 37381K(38320K)->37381K(38320K) Class: 4738K(5376K)->4738K(5376K)
[2024-12-13T16:56:33.877+0530][gc            ] GC(6) Pause Young (Normal) (G1 Evacuation Pause) 186M->143M(1024M) 3.276ms
[2024-12-13T16:56:33.877+0530][gc,cpu        ] GC(6) User=0.02s Sys=0.00s Real=0.00s
[2024-12-13T16:57:01.175+0530][gc,start      ] GC(7) Pause Young (Normal) (G1 Evacuation Pause)
[2024-12-13T16:57:01.175+0530][gc,task       ] GC(7) Using 8 workers of 8 for evacuation
[2024-12-13T16:57:01.183+0530][gc,phases     ] GC(7)   Pre Evacuate Collection Set: 0.0ms
[2024-12-13T16:57:01.183+0530][gc,phases     ] GC(7)   Evacuate Collection Set: 7.0ms
[2024-12-13T16:57:01.183+0530][gc,phases     ] GC(7)   Post Evacuate Collection Set: 0.5ms
[2024-12-13T16:57:01.183+0530][gc,phases     ] GC(7)   Other: 0.2ms
[2024-12-13T16:57:01.183+0530][gc,heap       ] GC(7) Eden regions: 44->0(48)
[2024-12-13T16:57:01.183+0530][gc,heap       ] GC(7) Survivor regions: 7->3(7)
[2024-12-13T16:57:01.183+0530][gc,heap       ] GC(7) Old regions: 8->15
[2024-12-13T16:57:01.183+0530][gc,heap       ] GC(7) Humongous regions: 135->129
[2024-12-13T16:57:01.183+0530][gc,metaspace  ] GC(7) Metaspace: 48712K(50864K)->48712K(50864K) NonClass: 42861K(43952K)->42861K(43952K) Class: 5851K(6912K)->5851K(6912K)
[2024-12-13T16:57:01.183+0530][gc            ] GC(7) Pause Young (Normal) (G1 Evacuation Pause) 193M->146M(1024M) 7.873ms
[2024-12-13T16:57:01.183+0530][gc,cpu        ] GC(7) User=0.04s Sys=0.01s Real=0.01s
[2024-12-13T17:00:14.944+0530][gc,heap,exit  ] Heap
[2024-12-13T17:00:14.945+0530][gc,heap,exit  ]  garbage-first heap   total 1048576K, used 171032K [0x0000000780000000, 0x00000007c0000000)
[2024-12-13T17:00:14.945+0530][gc,heap,exit  ]   region size 1024K, 25 young (25600K), 3 survivors (3072K)
[2024-12-13T17:00:14.945+0530][gc,heap,exit  ]  Metaspace       used 50777K, capacity 53351K, committed 53424K, reserved 1095680K
[2024-12-13T17:00:14.945+0530][gc,heap,exit  ]   class space    used 6355K, capacity 7639K, committed 7680K, reserved 1048576K
