[2024-12-13T16:55:59.186+0530][gc,heap] Heap region size: 1M
[2024-12-13T16:55:59.187+0530][gc     ] Using G1
[2024-12-13T16:55:59.187+0530][gc,heap,coops] Heap address: 0x0000000780000000, size: 1024 MB, Compressed Oops mode: Zero based, Oop shift amount: 3
[2024-12-13T16:55:59.650+0530][gc,start     ] GC(0) Pause Young (Normal) (G1 Evacuation Pause)
[2024-12-13T16:55:59.650+0530][gc,task      ] GC(0) Using 8 workers of 8 for evacuation
[2024-12-13T16:55:59.654+0530][gc,phases    ] GC(0)   Pre Evacuate Collection Set: 0.0ms
[2024-12-13T16:55:59.654+0530][gc,phases    ] GC(0)   Evacuate Collection Set: 3.5ms
[2024-12-13T16:55:59.654+0530][gc,phases    ] GC(0)   Post Evacuate Collection Set: 0.3ms
[2024-12-13T16:55:59.654+0530][gc,phases    ] GC(0)   Other: 0.3ms
[2024-12-13T16:55:59.654+0530][gc,heap      ] GC(0) Eden regions: 51->0(44)
[2024-12-13T16:55:59.654+0530][gc,heap      ] GC(0) Survivor regions: 0->7(7)
[2024-12-13T16:55:59.654+0530][gc,heap      ] GC(0) Old regions: 0->1
[2024-12-13T16:55:59.654+0530][gc,heap      ] GC(0) Humongous regions: 0->0
[2024-12-13T16:55:59.654+0530][gc,metaspace ] GC(0) Metaspace: 20198K(20736K)->20198K(20736K) NonClass: 17890K(18176K)->17890K(18176K) Class: 2307K(2560K)->2307K(2560K)
[2024-12-13T16:55:59.654+0530][gc           ] GC(0) Pause Young (Normal) (G1 Evacuation Pause) 51M->7M(1024M) 4.249ms
[2024-12-13T16:55:59.654+0530][gc,cpu       ] GC(0) User=0.02s Sys=0.01s Real=0.00s
[2024-12-13T16:55:59.670+0530][gc,start     ] GC(1) Pause Young (Concurrent Start) (Metadata GC Threshold)
[2024-12-13T16:55:59.670+0530][gc,task      ] GC(1) Using 8 workers of 8 for evacuation
[2024-12-13T16:55:59.674+0530][gc,phases    ] GC(1)   Pre Evacuate Collection Set: 0.0ms
[2024-12-13T16:55:59.674+0530][gc,phases    ] GC(1)   Evacuate Collection Set: 3.1ms
[2024-12-13T16:55:59.674+0530][gc,phases    ] GC(1)   Post Evacuate Collection Set: 0.1ms
[2024-12-13T16:55:59.674+0530][gc,phases    ] GC(1)   Other: 0.1ms
[2024-12-13T16:55:59.674+0530][gc,heap      ] GC(1) Eden regions: 3->0(50)
[2024-12-13T16:55:59.674+0530][gc,heap      ] GC(1) Survivor regions: 7->1(7)
[2024-12-13T16:55:59.674+0530][gc,heap      ] GC(1) Old regions: 1->8
[2024-12-13T16:55:59.674+0530][gc,heap      ] GC(1) Humongous regions: 0->0
[2024-12-13T16:55:59.674+0530][gc,metaspace ] GC(1) Metaspace: 20652K(21296K)->20652K(21296K) NonClass: 18284K(18608K)->18284K(18608K) Class: 2367K(2688K)->2367K(2688K)
[2024-12-13T16:55:59.674+0530][gc           ] GC(1) Pause Young (Concurrent Start) (Metadata GC Threshold) 10M->8M(1024M) 3.470ms
[2024-12-13T16:55:59.674+0530][gc,cpu       ] GC(1) User=0.01s Sys=0.00s Real=0.00s
[2024-12-13T16:55:59.674+0530][gc           ] GC(2) Concurrent Cycle
[2024-12-13T16:55:59.674+0530][gc,marking   ] GC(2) Concurrent Clear Claimed Marks
[2024-12-13T16:55:59.674+0530][gc,marking   ] GC(2) Concurrent Clear Claimed Marks 0.012ms
[2024-12-13T16:55:59.674+0530][gc,marking   ] GC(2) Concurrent Scan Root Regions
[2024-12-13T16:55:59.674+0530][gc,marking   ] GC(2) Concurrent Scan Root Regions 0.100ms
[2024-12-13T16:55:59.674+0530][gc,marking   ] GC(2) Concurrent Mark (0.494s)
[2024-12-13T16:55:59.674+0530][gc,marking   ] GC(2) Concurrent Mark From Roots
[2024-12-13T16:55:59.674+0530][gc,task      ] GC(2) Using 2 workers of 2 for marking
[2024-12-13T16:55:59.676+0530][gc,marking   ] GC(2) Concurrent Mark From Roots 2.235ms
[2024-12-13T16:55:59.676+0530][gc,marking   ] GC(2) Concurrent Preclean
[2024-12-13T16:55:59.676+0530][gc,marking   ] GC(2) Concurrent Preclean 0.024ms
[2024-12-13T16:55:59.676+0530][gc,marking   ] GC(2) Concurrent Mark (0.494s, 0.496s) 2.291ms
[2024-12-13T16:55:59.676+0530][gc,start     ] GC(2) Pause Remark
[2024-12-13T16:55:59.677+0530][gc,stringtable] GC(2) Cleaned string and symbol table, strings: 8181 processed, 0 removed, symbols: 69012 processed, 39 removed
[2024-12-13T16:55:59.677+0530][gc            ] GC(2) Pause Remark 9M->9M(1024M) 0.969ms
[2024-12-13T16:55:59.677+0530][gc,cpu        ] GC(2) User=0.01s Sys=0.00s Real=0.00s
[2024-12-13T16:55:59.677+0530][gc,marking    ] GC(2) Concurrent Rebuild Remembered Sets
[2024-12-13T16:55:59.679+0530][gc,marking    ] GC(2) Concurrent Rebuild Remembered Sets 1.650ms
[2024-12-13T16:55:59.679+0530][gc,start      ] GC(2) Pause Cleanup
[2024-12-13T16:55:59.679+0530][gc            ] GC(2) Pause Cleanup 9M->9M(1024M) 0.062ms
[2024-12-13T16:55:59.679+0530][gc,cpu        ] GC(2) User=0.00s Sys=0.00s Real=0.00s
[2024-12-13T16:55:59.679+0530][gc,marking    ] GC(2) Concurrent Cleanup for Next Mark
[2024-12-13T16:55:59.680+0530][gc,marking    ] GC(2) Concurrent Cleanup for Next Mark 1.045ms
[2024-12-13T16:55:59.680+0530][gc            ] GC(2) Concurrent Cycle 6.358ms
[2024-12-13T16:56:00.031+0530][gc,start      ] GC(3) Pause Young (Normal) (G1 Evacuation Pause)
[2024-12-13T16:56:00.031+0530][gc,task       ] GC(3) Using 8 workers of 8 for evacuation
[2024-12-13T16:56:00.033+0530][gc,phases     ] GC(3)   Pre Evacuate Collection Set: 0.0ms
[2024-12-13T16:56:00.033+0530][gc,phases     ] GC(3)   Evacuate Collection Set: 1.7ms
[2024-12-13T16:56:00.033+0530][gc,phases     ] GC(3)   Post Evacuate Collection Set: 0.1ms
[2024-12-13T16:56:00.033+0530][gc,phases     ] GC(3)   Other: 0.1ms
[2024-12-13T16:56:00.033+0530][gc,heap       ] GC(3) Eden regions: 50->0(49)
[2024-12-13T16:56:00.033+0530][gc,heap       ] GC(3) Survivor regions: 1->2(7)
[2024-12-13T16:56:00.033+0530][gc,heap       ] GC(3) Old regions: 8->8
[2024-12-13T16:56:00.033+0530][gc,heap       ] GC(3) Humongous regions: 0->0
[2024-12-13T16:56:00.033+0530][gc,metaspace  ] GC(3) Metaspace: 29677K(30768K)->29677K(30768K) NonClass: 26143K(26800K)->26143K(26800K) Class: 3534K(3968K)->3534K(3968K)
[2024-12-13T16:56:00.033+0530][gc            ] GC(3) Pause Young (Normal) (G1 Evacuation Pause) 58M->9M(1024M) 1.979ms
[2024-12-13T16:56:00.033+0530][gc,cpu        ] GC(3) User=0.01s Sys=0.00s Real=0.00s
[2024-12-13T16:56:00.423+0530][gc,start      ] GC(4) Pause Young (Concurrent Start) (Metadata GC Threshold)
[2024-12-13T16:56:00.423+0530][gc,task       ] GC(4) Using 8 workers of 8 for evacuation
[2024-12-13T16:56:00.424+0530][gc,phases     ] GC(4)   Pre Evacuate Collection Set: 0.0ms
[2024-12-13T16:56:00.424+0530][gc,phases     ] GC(4)   Evacuate Collection Set: 1.6ms
[2024-12-13T16:56:00.424+0530][gc,phases     ] GC(4)   Post Evacuate Collection Set: 0.1ms
[2024-12-13T16:56:00.424+0530][gc,phases     ] GC(4)   Other: 0.1ms
[2024-12-13T16:56:00.424+0530][gc,heap       ] GC(4) Eden regions: 36->0(47)
[2024-12-13T16:56:00.424+0530][gc,heap       ] GC(4) Survivor regions: 2->4(7)
[2024-12-13T16:56:00.424+0530][gc,heap       ] GC(4) Old regions: 8->8
[2024-12-13T16:56:00.424+0530][gc,heap       ] GC(4) Humongous regions: 129->129
[2024-12-13T16:56:00.424+0530][gc,metaspace  ] GC(4) Metaspace: 34828K(35888K)->34828K(35888K) NonClass: 30870K(31408K)->30870K(31408K) Class: 3957K(4480K)->3957K(4480K)
[2024-12-13T16:56:00.425+0530][gc            ] GC(4) Pause Young (Concurrent Start) (Metadata GC Threshold) 173M->140M(1024M) 1.940ms
[2024-12-13T16:56:00.425+0530][gc,cpu        ] GC(4) User=0.01s Sys=0.00s Real=0.00s
[2024-12-13T16:56:00.425+0530][gc            ] GC(5) Concurrent Cycle
[2024-12-13T16:56:00.425+0530][gc,marking    ] GC(5) Concurrent Clear Claimed Marks
[2024-12-13T16:56:00.425+0530][gc,marking    ] GC(5) Concurrent Clear Claimed Marks 0.016ms
[2024-12-13T16:56:00.425+0530][gc,marking    ] GC(5) Concurrent Scan Root Regions
[2024-12-13T16:56:00.425+0530][gc,marking    ] GC(5) Concurrent Scan Root Regions 0.912ms
[2024-12-13T16:56:00.425+0530][gc,marking    ] GC(5) Concurrent Mark (1.245s)
[2024-12-13T16:56:00.425+0530][gc,marking    ] GC(5) Concurrent Mark From Roots
[2024-12-13T16:56:00.425+0530][gc,task       ] GC(5) Using 2 workers of 2 for marking
[2024-12-13T16:56:00.428+0530][gc,marking    ] GC(5) Concurrent Mark From Roots 2.324ms
[2024-12-13T16:56:00.428+0530][gc,marking    ] GC(5) Concurrent Preclean
[2024-12-13T16:56:00.428+0530][gc,marking    ] GC(5) Concurrent Preclean 0.024ms
[2024-12-13T16:56:00.428+0530][gc,marking    ] GC(5) Concurrent Mark (1.245s, 1.247s) 2.376ms
[2024-12-13T16:56:00.428+0530][gc,start      ] GC(5) Pause Remark
[2024-12-13T16:56:00.429+0530][gc,stringtable] GC(5) Cleaned string and symbol table, strings: 11796 processed, 10 removed, symbols: 101930 processed, 19 removed
[2024-12-13T16:56:00.429+0530][gc            ] GC(5) Pause Remark 141M->141M(1024M) 1.179ms
[2024-12-13T16:56:00.429+0530][gc,cpu        ] GC(5) User=0.01s Sys=0.00s Real=0.00s
[2024-12-13T16:56:00.429+0530][gc,marking    ] GC(5) Concurrent Rebuild Remembered Sets
[2024-12-13T16:56:00.431+0530][gc,marking    ] GC(5) Concurrent Rebuild Remembered Sets 1.643ms
[2024-12-13T16:56:00.431+0530][gc,start      ] GC(5) Pause Cleanup
[2024-12-13T16:56:00.431+0530][gc            ] GC(5) Pause Cleanup 141M->141M(1024M) 0.071ms
[2024-12-13T16:56:00.431+0530][gc,cpu        ] GC(5) User=0.00s Sys=0.00s Real=0.00s
[2024-12-13T16:56:00.431+0530][gc,marking    ] GC(5) Concurrent Cleanup for Next Mark
[2024-12-13T16:56:00.432+0530][gc,marking    ] GC(5) Concurrent Cleanup for Next Mark 1.113ms
[2024-12-13T16:56:00.432+0530][gc            ] GC(5) Concurrent Cycle 7.600ms
[2024-12-13T16:56:00.984+0530][gc,start      ] GC(6) Pause Young (Normal) (G1 Evacuation Pause)
[2024-12-13T16:56:00.984+0530][gc,task       ] GC(6) Using 8 workers of 8 for evacuation
[2024-12-13T16:56:00.988+0530][gc,phases     ] GC(6)   Pre Evacuate Collection Set: 0.0ms
[2024-12-13T16:56:00.988+0530][gc,phases     ] GC(6)   Evacuate Collection Set: 3.5ms
[2024-12-13T16:56:00.988+0530][gc,phases     ] GC(6)   Post Evacuate Collection Set: 0.4ms
[2024-12-13T16:56:00.988+0530][gc,phases     ] GC(6)   Other: 0.2ms
[2024-12-13T16:56:00.988+0530][gc,heap       ] GC(6) Eden regions: 47->0(45)
[2024-12-13T16:56:00.988+0530][gc,heap       ] GC(6) Survivor regions: 4->6(7)
[2024-12-13T16:56:00.988+0530][gc,heap       ] GC(6) Old regions: 8->8
[2024-12-13T16:56:00.988+0530][gc,heap       ] GC(6) Humongous regions: 129->0
[2024-12-13T16:56:00.988+0530][gc,metaspace  ] GC(6) Metaspace: 41502K(43056K)->41502K(43056K) NonClass: 36691K(37552K)->36691K(37552K) Class: 4810K(5504K)->4810K(5504K)
[2024-12-13T16:56:00.988+0530][gc            ] GC(6) Pause Young (Normal) (G1 Evacuation Pause) 187M->13M(1024M) 4.159ms
[2024-12-13T16:56:00.988+0530][gc,cpu        ] GC(6) User=0.02s Sys=0.00s Real=0.00s
[2024-12-13T16:56:01.003+0530][gc,heap,exit  ] Heap
[2024-12-13T16:56:01.003+0530][gc,heap,exit  ]  garbage-first heap   total 1048576K, used 15903K [0x0000000780000000, 0x00000007c0000000)
[2024-12-13T16:56:01.003+0530][gc,heap,exit  ]   region size 1024K, 9 young (9216K), 6 survivors (6144K)
[2024-12-13T16:56:01.003+0530][gc,heap,exit  ]  Metaspace       used 41613K, capacity 43079K, committed 43312K, reserved 1087488K
[2024-12-13T16:56:01.003+0530][gc,heap,exit  ]   class space    used 4829K, capacity 5490K, committed 5504K, reserved 1048576K
