[2024-12-11T12:36:33.886+0530][gc,heap] Heap region size: 1M
[2024-12-11T12:36:33.887+0530][gc     ] Using G1
[2024-12-11T12:36:33.887+0530][gc,heap,coops] Heap address: 0x0000000780000000, size: 1024 MB, Compressed Oops mode: Zero based, Oop shift amount: 3
[2024-12-11T12:36:34.271+0530][gc,start     ] GC(0) Pause Young (Normal) (G1 Evacuation Pause)
[2024-12-11T12:36:34.271+0530][gc,task      ] GC(0) Using 8 workers of 8 for evacuation
[2024-12-11T12:36:34.275+0530][gc,phases    ] GC(0)   Pre Evacuate Collection Set: 0.0ms
[2024-12-11T12:36:34.275+0530][gc,phases    ] GC(0)   Evacuate Collection Set: 3.6ms
[2024-12-11T12:36:34.275+0530][gc,phases    ] GC(0)   Post Evacuate Collection Set: 0.3ms
[2024-12-11T12:36:34.275+0530][gc,phases    ] GC(0)   Other: 0.3ms
[2024-12-11T12:36:34.275+0530][gc,heap      ] GC(0) Eden regions: 51->0(44)
[2024-12-11T12:36:34.275+0530][gc,heap      ] GC(0) Survivor regions: 0->7(7)
[2024-12-11T12:36:34.275+0530][gc,heap      ] GC(0) Old regions: 0->2
[2024-12-11T12:36:34.275+0530][gc,heap      ] GC(0) Humongous regions: 0->0
[2024-12-11T12:36:34.275+0530][gc,metaspace ] GC(0) Metaspace: 20148K(20736K)->20148K(20736K) NonClass: 17847K(18176K)->17847K(18176K) Class: 2301K(2560K)->2301K(2560K)
[2024-12-11T12:36:34.275+0530][gc           ] GC(0) Pause Young (Normal) (G1 Evacuation Pause) 51M->8M(1024M) 4.270ms
[2024-12-11T12:36:34.275+0530][gc,cpu       ] GC(0) User=0.02s Sys=0.01s Real=0.00s
[2024-12-11T12:36:34.291+0530][gc,start     ] GC(1) Pause Young (Concurrent Start) (Metadata GC Threshold)
[2024-12-11T12:36:34.291+0530][gc,task      ] GC(1) Using 8 workers of 8 for evacuation
[2024-12-11T12:36:34.293+0530][gc,phases    ] GC(1)   Pre Evacuate Collection Set: 0.0ms
[2024-12-11T12:36:34.293+0530][gc,phases    ] GC(1)   Evacuate Collection Set: 2.2ms
[2024-12-11T12:36:34.293+0530][gc,phases    ] GC(1)   Post Evacuate Collection Set: 0.2ms
[2024-12-11T12:36:34.293+0530][gc,phases    ] GC(1)   Other: 0.1ms
[2024-12-11T12:36:34.293+0530][gc,heap      ] GC(1) Eden regions: 4->0(50)
[2024-12-11T12:36:34.293+0530][gc,heap      ] GC(1) Survivor regions: 7->1(7)
[2024-12-11T12:36:34.293+0530][gc,heap      ] GC(1) Old regions: 2->8
[2024-12-11T12:36:34.293+0530][gc,heap      ] GC(1) Humongous regions: 0->0
[2024-12-11T12:36:34.293+0530][gc,metaspace ] GC(1) Metaspace: 20661K(21296K)->20661K(21296K) NonClass: 18293K(18608K)->18293K(18608K) Class: 2368K(2688K)->2368K(2688K)
[2024-12-11T12:36:34.293+0530][gc           ] GC(1) Pause Young (Concurrent Start) (Metadata GC Threshold) 11M->8M(1024M) 2.579ms
[2024-12-11T12:36:34.293+0530][gc,cpu       ] GC(1) User=0.01s Sys=0.00s Real=0.00s
[2024-12-11T12:36:34.293+0530][gc           ] GC(2) Concurrent Cycle
[2024-12-11T12:36:34.293+0530][gc,marking   ] GC(2) Concurrent Clear Claimed Marks
[2024-12-11T12:36:34.293+0530][gc,marking   ] GC(2) Concurrent Clear Claimed Marks 0.013ms
[2024-12-11T12:36:34.293+0530][gc,marking   ] GC(2) Concurrent Scan Root Regions
[2024-12-11T12:36:34.294+0530][gc,marking   ] GC(2) Concurrent Scan Root Regions 0.109ms
[2024-12-11T12:36:34.294+0530][gc,marking   ] GC(2) Concurrent Mark (0.413s)
[2024-12-11T12:36:34.294+0530][gc,marking   ] GC(2) Concurrent Mark From Roots
[2024-12-11T12:36:34.294+0530][gc,task      ] GC(2) Using 2 workers of 2 for marking
[2024-12-11T12:36:34.296+0530][gc,marking   ] GC(2) Concurrent Mark From Roots 2.356ms
[2024-12-11T12:36:34.296+0530][gc,marking   ] GC(2) Concurrent Preclean
[2024-12-11T12:36:34.296+0530][gc,marking   ] GC(2) Concurrent Preclean 0.021ms
[2024-12-11T12:36:34.296+0530][gc,marking   ] GC(2) Concurrent Mark (0.413s, 0.415s) 2.402ms
[2024-12-11T12:36:34.296+0530][gc,start     ] GC(2) Pause Remark
[2024-12-11T12:36:34.297+0530][gc,stringtable] GC(2) Cleaned string and symbol table, strings: 8199 processed, 0 removed, symbols: 69036 processed, 39 removed
[2024-12-11T12:36:34.297+0530][gc            ] GC(2) Pause Remark 9M->9M(1024M) 1.014ms
[2024-12-11T12:36:34.297+0530][gc,cpu        ] GC(2) User=0.00s Sys=0.00s Real=0.00s
[2024-12-11T12:36:34.297+0530][gc,marking    ] GC(2) Concurrent Rebuild Remembered Sets
[2024-12-11T12:36:34.299+0530][gc,marking    ] GC(2) Concurrent Rebuild Remembered Sets 1.700ms
[2024-12-11T12:36:34.299+0530][gc,start      ] GC(2) Pause Cleanup
[2024-12-11T12:36:34.299+0530][gc            ] GC(2) Pause Cleanup 9M->9M(1024M) 0.090ms
[2024-12-11T12:36:34.299+0530][gc,cpu        ] GC(2) User=0.00s Sys=0.00s Real=0.00s
[2024-12-11T12:36:34.299+0530][gc,marking    ] GC(2) Concurrent Cleanup for Next Mark
[2024-12-11T12:36:34.300+0530][gc,marking    ] GC(2) Concurrent Cleanup for Next Mark 1.090ms
[2024-12-11T12:36:34.300+0530][gc            ] GC(2) Concurrent Cycle 6.978ms
[2024-12-11T12:36:34.625+0530][gc,start      ] GC(3) Pause Young (Normal) (G1 Evacuation Pause)
[2024-12-11T12:36:34.625+0530][gc,task       ] GC(3) Using 8 workers of 8 for evacuation
[2024-12-11T12:36:34.626+0530][gc,phases     ] GC(3)   Pre Evacuate Collection Set: 0.0ms
[2024-12-11T12:36:34.626+0530][gc,phases     ] GC(3)   Evacuate Collection Set: 1.2ms
[2024-12-11T12:36:34.626+0530][gc,phases     ] GC(3)   Post Evacuate Collection Set: 0.1ms
[2024-12-11T12:36:34.626+0530][gc,phases     ] GC(3)   Other: 0.1ms
[2024-12-11T12:36:34.626+0530][gc,heap       ] GC(3) Eden regions: 50->0(48)
[2024-12-11T12:36:34.626+0530][gc,heap       ] GC(3) Survivor regions: 1->3(7)
[2024-12-11T12:36:34.626+0530][gc,heap       ] GC(3) Old regions: 8->8
[2024-12-11T12:36:34.626+0530][gc,heap       ] GC(3) Humongous regions: 129->129
[2024-12-11T12:36:34.626+0530][gc,metaspace  ] GC(3) Metaspace: 30020K(31024K)->30020K(31024K) NonClass: 26489K(27056K)->26489K(27056K) Class: 3530K(3968K)->3530K(3968K)
[2024-12-11T12:36:34.626+0530][gc            ] GC(3) Pause Young (Normal) (G1 Evacuation Pause) 187M->139M(1024M) 1.438ms
[2024-12-11T12:36:34.627+0530][gc,cpu        ] GC(3) User=0.00s Sys=0.00s Real=0.00s
[2024-12-11T12:36:34.734+0530][gc,start      ] GC(4) Pause Young (Concurrent Start) (Metadata GC Threshold)
[2024-12-11T12:36:34.734+0530][gc,task       ] GC(4) Using 8 workers of 8 for evacuation
[2024-12-11T12:36:34.736+0530][gc,phases     ] GC(4)   Pre Evacuate Collection Set: 0.0ms
[2024-12-11T12:36:34.736+0530][gc,phases     ] GC(4)   Evacuate Collection Set: 1.4ms
[2024-12-11T12:36:34.736+0530][gc,phases     ] GC(4)   Post Evacuate Collection Set: 0.1ms
[2024-12-11T12:36:34.736+0530][gc,phases     ] GC(4)   Other: 0.1ms
[2024-12-11T12:36:34.736+0530][gc,heap       ] GC(4) Eden regions: 27->0(47)
[2024-12-11T12:36:34.736+0530][gc,heap       ] GC(4) Survivor regions: 3->4(7)
[2024-12-11T12:36:34.736+0530][gc,heap       ] GC(4) Old regions: 8->8
[2024-12-11T12:36:34.736+0530][gc,heap       ] GC(4) Humongous regions: 129->129
[2024-12-11T12:36:34.736+0530][gc,metaspace  ] GC(4) Metaspace: 35056K(35920K)->35056K(35920K) NonClass: 31195K(31664K)->31195K(31664K) Class: 3861K(4256K)->3861K(4256K)
[2024-12-11T12:36:34.736+0530][gc            ] GC(4) Pause Young (Concurrent Start) (Metadata GC Threshold) 166M->139M(1024M) 1.704ms
[2024-12-11T12:36:34.736+0530][gc,cpu        ] GC(4) User=0.01s Sys=0.00s Real=0.00s
[2024-12-11T12:36:34.736+0530][gc            ] GC(5) Concurrent Cycle
[2024-12-11T12:36:34.736+0530][gc,marking    ] GC(5) Concurrent Clear Claimed Marks
[2024-12-11T12:36:34.736+0530][gc,marking    ] GC(5) Concurrent Clear Claimed Marks 0.012ms
[2024-12-11T12:36:34.736+0530][gc,marking    ] GC(5) Concurrent Scan Root Regions
[2024-12-11T12:36:34.737+0530][gc,marking    ] GC(5) Concurrent Scan Root Regions 0.750ms
[2024-12-11T12:36:34.737+0530][gc,marking    ] GC(5) Concurrent Mark (0.856s)
[2024-12-11T12:36:34.737+0530][gc,marking    ] GC(5) Concurrent Mark From Roots
[2024-12-11T12:36:34.737+0530][gc,task       ] GC(5) Using 2 workers of 2 for marking
[2024-12-11T12:36:34.739+0530][gc,marking    ] GC(5) Concurrent Mark From Roots 2.320ms
[2024-12-11T12:36:34.739+0530][gc,marking    ] GC(5) Concurrent Preclean
[2024-12-11T12:36:34.739+0530][gc,marking    ] GC(5) Concurrent Preclean 0.019ms
[2024-12-11T12:36:34.739+0530][gc,marking    ] GC(5) Concurrent Mark (0.856s, 0.858s) 2.356ms
[2024-12-11T12:36:34.739+0530][gc,start      ] GC(5) Pause Remark
[2024-12-11T12:36:34.740+0530][gc,stringtable] GC(5) Cleaned string and symbol table, strings: 13693 processed, 11 removed, symbols: 104002 processed, 20 removed
[2024-12-11T12:36:34.740+0530][gc            ] GC(5) Pause Remark 140M->140M(1024M) 1.114ms
[2024-12-11T12:36:34.740+0530][gc,cpu        ] GC(5) User=0.01s Sys=0.00s Real=0.01s
[2024-12-11T12:36:34.740+0530][gc,marking    ] GC(5) Concurrent Rebuild Remembered Sets
[2024-12-11T12:36:34.742+0530][gc,marking    ] GC(5) Concurrent Rebuild Remembered Sets 1.668ms
[2024-12-11T12:36:34.742+0530][gc,start      ] GC(5) Pause Cleanup
[2024-12-11T12:36:34.742+0530][gc            ] GC(5) Pause Cleanup 141M->141M(1024M) 0.065ms
[2024-12-11T12:36:34.742+0530][gc,cpu        ] GC(5) User=0.00s Sys=0.00s Real=0.00s
[2024-12-11T12:36:34.742+0530][gc,marking    ] GC(5) Concurrent Cleanup for Next Mark
[2024-12-11T12:36:34.743+0530][gc,marking    ] GC(5) Concurrent Cleanup for Next Mark 1.007ms
[2024-12-11T12:36:34.743+0530][gc            ] GC(5) Concurrent Cycle 7.266ms
[2024-12-11T12:36:34.954+0530][gc,start      ] GC(6) Pause Young (Normal) (G1 Evacuation Pause)
[2024-12-11T12:36:34.954+0530][gc,task       ] GC(6) Using 8 workers of 8 for evacuation
[2024-12-11T12:36:34.956+0530][gc,phases     ] GC(6)   Pre Evacuate Collection Set: 0.0ms
[2024-12-11T12:36:34.957+0530][gc,phases     ] GC(6)   Evacuate Collection Set: 2.6ms
[2024-12-11T12:36:34.957+0530][gc,phases     ] GC(6)   Post Evacuate Collection Set: 0.2ms
[2024-12-11T12:36:34.957+0530][gc,phases     ] GC(6)   Other: 0.1ms
[2024-12-11T12:36:34.957+0530][gc,heap       ] GC(6) Eden regions: 47->0(44)
[2024-12-11T12:36:34.957+0530][gc,heap       ] GC(6) Survivor regions: 4->7(7)
[2024-12-11T12:36:34.957+0530][gc,heap       ] GC(6) Old regions: 8->8
[2024-12-11T12:36:34.957+0530][gc,heap       ] GC(6) Humongous regions: 129->129
[2024-12-11T12:36:34.957+0530][gc,metaspace  ] GC(6) Metaspace: 42313K(43920K)->42313K(43920K) NonClass: 37624K(38576K)->37624K(38576K) Class: 4688K(5344K)->4688K(5344K)
[2024-12-11T12:36:34.957+0530][gc            ] GC(6) Pause Young (Normal) (G1 Evacuation Pause) 186M->143M(1024M) 3.028ms
[2024-12-11T12:36:34.957+0530][gc,cpu        ] GC(6) User=0.02s Sys=0.00s Real=0.00s
[2024-12-11T12:43:38.017+0530][gc,start      ] GC(7) Pause Young (Normal) (G1 Evacuation Pause)
[2024-12-11T12:43:38.018+0530][gc,task       ] GC(7) Using 8 workers of 8 for evacuation
[2024-12-11T12:43:38.037+0530][gc,phases     ] GC(7)   Pre Evacuate Collection Set: 0.5ms
[2024-12-11T12:43:38.037+0530][gc,phases     ] GC(7)   Evacuate Collection Set: 16.7ms
[2024-12-11T12:43:38.037+0530][gc,phases     ] GC(7)   Post Evacuate Collection Set: 0.7ms
[2024-12-11T12:43:38.037+0530][gc,phases     ] GC(7)   Other: 1.8ms
[2024-12-11T12:43:38.037+0530][gc,heap       ] GC(7) Eden regions: 44->0(48)
[2024-12-11T12:43:38.037+0530][gc,heap       ] GC(7) Survivor regions: 7->3(7)
[2024-12-11T12:43:38.037+0530][gc,heap       ] GC(7) Old regions: 8->15
[2024-12-11T12:43:38.037+0530][gc,heap       ] GC(7) Humongous regions: 129->129
[2024-12-11T12:43:38.037+0530][gc,metaspace  ] GC(7) Metaspace: 48947K(51472K)->48947K(51472K) NonClass: 42907K(44208K)->42907K(44208K) Class: 6040K(7264K)->6040K(7264K)
[2024-12-11T12:43:38.037+0530][gc            ] GC(7) Pause Young (Normal) (G1 Evacuation Pause) 187M->145M(1024M) 19.795ms
[2024-12-11T12:43:38.037+0530][gc,cpu        ] GC(7) User=0.05s Sys=0.01s Real=0.02s
[2024-12-11T12:52:31.919+0530][gc,start      ] GC(8) Pause Young (Normal) (G1 Evacuation Pause)
[2024-12-11T12:52:31.921+0530][gc,task       ] GC(8) Using 8 workers of 8 for evacuation
[2024-12-11T12:52:31.933+0530][gc,phases     ] GC(8)   Pre Evacuate Collection Set: 0.1ms
[2024-12-11T12:52:31.933+0530][gc,phases     ] GC(8)   Evacuate Collection Set: 11.3ms
[2024-12-11T12:52:31.933+0530][gc,phases     ] GC(8)   Post Evacuate Collection Set: 0.8ms
[2024-12-11T12:52:31.933+0530][gc,phases     ] GC(8)   Other: 1.7ms
[2024-12-11T12:52:31.933+0530][gc,heap       ] GC(8) Eden regions: 48->0(46)
[2024-12-11T12:52:31.933+0530][gc,heap       ] GC(8) Survivor regions: 3->5(7)
[2024-12-11T12:52:31.934+0530][gc,heap       ] GC(8) Old regions: 15->15
[2024-12-11T12:52:31.934+0530][gc,heap       ] GC(8) Humongous regions: 129->129
[2024-12-11T12:52:31.934+0530][gc,metaspace  ] GC(8) Metaspace: 52566K(55568K)->52566K(55568K) NonClass: 45962K(47536K)->45962K(47536K) Class: 6603K(8032K)->6603K(8032K)
[2024-12-11T12:52:31.934+0530][gc            ] GC(8) Pause Young (Normal) (G1 Evacuation Pause) 193M->147M(1024M) 14.149ms
[2024-12-11T12:52:31.934+0530][gc,cpu        ] GC(8) User=0.03s Sys=0.00s Real=0.02s
[2024-12-11T13:09:50.515+0530][gc,start      ] GC(9) Pause Young (Normal) (G1 Evacuation Pause)
[2024-12-11T13:09:50.516+0530][gc,task       ] GC(9) Using 8 workers of 8 for evacuation
[2024-12-11T13:09:50.528+0530][gc,phases     ] GC(9)   Pre Evacuate Collection Set: 0.2ms
[2024-12-11T13:09:50.528+0530][gc,phases     ] GC(9)   Evacuate Collection Set: 11.0ms
[2024-12-11T13:09:50.528+0530][gc,phases     ] GC(9)   Post Evacuate Collection Set: 0.6ms
[2024-12-11T13:09:50.528+0530][gc,phases     ] GC(9)   Other: 1.7ms
[2024-12-11T13:09:50.528+0530][gc,heap       ] GC(9) Eden regions: 46->0(46)
[2024-12-11T13:09:50.528+0530][gc,heap       ] GC(9) Survivor regions: 5->5(7)
[2024-12-11T13:09:50.528+0530][gc,heap       ] GC(9) Old regions: 15->17
[2024-12-11T13:09:50.528+0530][gc,heap       ] GC(9) Humongous regions: 129->129
[2024-12-11T13:09:50.528+0530][gc,metaspace  ] GC(9) Metaspace: 53168K(56080K)->53168K(56080K) NonClass: 46556K(48048K)->46556K(48048K) Class: 6612K(8032K)->6612K(8032K)
[2024-12-11T13:09:50.528+0530][gc            ] GC(9) Pause Young (Normal) (G1 Evacuation Pause) 193M->149M(1024M) 13.634ms
[2024-12-11T13:09:50.528+0530][gc,cpu        ] GC(9) User=0.04s Sys=0.01s Real=0.01s
[2024-12-11T13:27:33.000+0530][gc,start      ] GC(10) Pause Young (Normal) (G1 Evacuation Pause)
[2024-12-11T13:27:33.001+0530][gc,task       ] GC(10) Using 8 workers of 8 for evacuation
[2024-12-11T13:27:33.015+0530][gc,phases     ] GC(10)   Pre Evacuate Collection Set: 0.1ms
[2024-12-11T13:27:33.015+0530][gc,phases     ] GC(10)   Evacuate Collection Set: 12.7ms
[2024-12-11T13:27:33.015+0530][gc,phases     ] GC(10)   Post Evacuate Collection Set: 0.7ms
[2024-12-11T13:27:33.015+0530][gc,phases     ] GC(10)   Other: 1.9ms
[2024-12-11T13:27:33.015+0530][gc,heap       ] GC(10) Eden regions: 46->0(48)
[2024-12-11T13:27:33.015+0530][gc,heap       ] GC(10) Survivor regions: 5->3(7)
[2024-12-11T13:27:33.015+0530][gc,heap       ] GC(10) Old regions: 17->19
[2024-12-11T13:27:33.015+0530][gc,heap       ] GC(10) Humongous regions: 129->129
[2024-12-11T13:27:33.015+0530][gc,metaspace  ] GC(10) Metaspace: 53346K(56336K)->53346K(56336K) NonClass: 46734K(48304K)->46734K(48304K) Class: 6612K(8032K)->6612K(8032K)
[2024-12-11T13:27:33.015+0530][gc            ] GC(10) Pause Young (Normal) (G1 Evacuation Pause) 195M->149M(1024M) 15.685ms
[2024-12-11T13:27:33.015+0530][gc,cpu        ] GC(10) User=0.04s Sys=0.00s Real=0.01s
[2024-12-11T13:45:22.997+0530][gc,start      ] GC(11) Pause Young (Normal) (G1 Evacuation Pause)
[2024-12-11T13:45:22.998+0530][gc,task       ] GC(11) Using 8 workers of 8 for evacuation
[2024-12-11T13:45:23.012+0530][gc,phases     ] GC(11)   Pre Evacuate Collection Set: 0.5ms
[2024-12-11T13:45:23.012+0530][gc,phases     ] GC(11)   Evacuate Collection Set: 12.4ms
[2024-12-11T13:45:23.012+0530][gc,phases     ] GC(11)   Post Evacuate Collection Set: 0.6ms
[2024-12-11T13:45:23.012+0530][gc,phases     ] GC(11)   Other: 1.9ms
[2024-12-11T13:45:23.012+0530][gc,heap       ] GC(11) Eden regions: 48->0(48)
[2024-12-11T13:45:23.012+0530][gc,heap       ] GC(11) Survivor regions: 3->3(7)
[2024-12-11T13:45:23.012+0530][gc,heap       ] GC(11) Old regions: 19->19
[2024-12-11T13:45:23.012+0530][gc,heap       ] GC(11) Humongous regions: 129->129
[2024-12-11T13:45:23.012+0530][gc,metaspace  ] GC(11) Metaspace: 53499K(56592K)->53499K(56592K) NonClass: 46882K(48560K)->46882K(48560K) Class: 6617K(8032K)->6617K(8032K)
[2024-12-11T13:45:23.013+0530][gc            ] GC(11) Pause Young (Normal) (G1 Evacuation Pause) 197M->150M(1024M) 15.620ms
[2024-12-11T13:45:23.013+0530][gc,cpu        ] GC(11) User=0.02s Sys=0.01s Real=0.02s
[2024-12-11T14:46:44.463+0530][gc,start      ] GC(12) Pause Young (Normal) (G1 Evacuation Pause)
[2024-12-11T14:46:44.464+0530][gc,task       ] GC(12) Using 8 workers of 8 for evacuation
[2024-12-11T14:46:44.475+0530][gc,phases     ] GC(12)   Pre Evacuate Collection Set: 0.5ms
[2024-12-11T14:46:44.475+0530][gc,phases     ] GC(12)   Evacuate Collection Set: 9.2ms
[2024-12-11T14:46:44.475+0530][gc,phases     ] GC(12)   Post Evacuate Collection Set: 0.5ms
[2024-12-11T14:46:44.475+0530][gc,phases     ] GC(12)   Other: 2.1ms
[2024-12-11T14:46:44.475+0530][gc,heap       ] GC(12) Eden regions: 48->0(47)
[2024-12-11T14:46:44.475+0530][gc,heap       ] GC(12) Survivor regions: 3->4(7)
[2024-12-11T14:46:44.475+0530][gc,heap       ] GC(12) Old regions: 19->19
[2024-12-11T14:46:44.475+0530][gc,heap       ] GC(12) Humongous regions: 129->129
[2024-12-11T14:46:44.475+0530][gc,metaspace  ] GC(12) Metaspace: 53588K(56592K)->53588K(56592K) NonClass: 46970K(48560K)->46970K(48560K) Class: 6617K(8032K)->6617K(8032K)
[2024-12-11T14:46:44.475+0530][gc            ] GC(12) Pause Young (Normal) (G1 Evacuation Pause) 198M->150M(1024M) 12.431ms
[2024-12-11T14:46:44.475+0530][gc,cpu        ] GC(12) User=0.03s Sys=0.02s Real=0.01s
[2024-12-11T15:05:18.670+0530][gc,start      ] GC(13) Pause Young (Normal) (G1 Evacuation Pause)
[2024-12-11T15:05:18.671+0530][gc,task       ] GC(13) Using 8 workers of 8 for evacuation
[2024-12-11T15:05:18.682+0530][gc,phases     ] GC(13)   Pre Evacuate Collection Set: 0.2ms
[2024-12-11T15:05:18.682+0530][gc,phases     ] GC(13)   Evacuate Collection Set: 8.8ms
[2024-12-11T15:05:18.682+0530][gc,phases     ] GC(13)   Post Evacuate Collection Set: 0.9ms
[2024-12-11T15:05:18.682+0530][gc,phases     ] GC(13)   Other: 2.0ms
[2024-12-11T15:05:18.682+0530][gc,heap       ] GC(13) Eden regions: 47->0(51)
[2024-12-11T15:05:18.682+0530][gc,heap       ] GC(13) Survivor regions: 4->3(7)
[2024-12-11T15:05:18.682+0530][gc,heap       ] GC(13) Old regions: 19->19
[2024-12-11T15:05:18.682+0530][gc,heap       ] GC(13) Humongous regions: 129->129
[2024-12-11T15:05:18.682+0530][gc,metaspace  ] GC(13) Metaspace: 53972K(57104K)->53972K(57104K) NonClass: 47340K(49072K)->47340K(49072K) Class: 6631K(8032K)->6631K(8032K)
[2024-12-11T15:05:18.682+0530][gc            ] GC(13) Pause Young (Normal) (G1 Evacuation Pause) 197M->150M(1024M) 12.308ms
[2024-12-11T15:05:18.682+0530][gc,cpu        ] GC(13) User=0.04s Sys=0.00s Real=0.01s
[2024-12-11T15:24:11.993+0530][gc,start      ] GC(14) Pause Young (Normal) (G1 Evacuation Pause)
[2024-12-11T15:24:11.994+0530][gc,task       ] GC(14) Using 8 workers of 8 for evacuation
[2024-12-11T15:24:12.006+0530][gc,phases     ] GC(14)   Pre Evacuate Collection Set: 0.1ms
[2024-12-11T15:24:12.006+0530][gc,phases     ] GC(14)   Evacuate Collection Set: 10.9ms
[2024-12-11T15:24:12.007+0530][gc,phases     ] GC(14)   Post Evacuate Collection Set: 0.6ms
[2024-12-11T15:24:12.007+0530][gc,phases     ] GC(14)   Other: 2.0ms
[2024-12-11T15:24:12.007+0530][gc,heap       ] GC(14) Eden regions: 51->0(56)
[2024-12-11T15:24:12.007+0530][gc,heap       ] GC(14) Survivor regions: 3->5(7)
[2024-12-11T15:24:12.007+0530][gc,heap       ] GC(14) Old regions: 19->19
[2024-12-11T15:24:12.007+0530][gc,heap       ] GC(14) Humongous regions: 129->129
[2024-12-11T15:24:12.007+0530][gc,metaspace  ] GC(14) Metaspace: 53997K(57104K)->53997K(57104K) NonClass: 47365K(49072K)->47365K(49072K) Class: 6631K(8032K)->6631K(8032K)
[2024-12-11T15:24:12.007+0530][gc            ] GC(14) Pause Young (Normal) (G1 Evacuation Pause) 201M->151M(1024M) 13.883ms
[2024-12-11T15:24:12.007+0530][gc,cpu        ] GC(14) User=0.04s Sys=0.00s Real=0.01s
[2024-12-11T15:46:20.596+0530][gc,start      ] GC(15) Pause Young (Normal) (G1 Evacuation Pause)
[2024-12-11T15:46:20.597+0530][gc,task       ] GC(15) Using 8 workers of 8 for evacuation
[2024-12-11T15:46:20.609+0530][gc,phases     ] GC(15)   Pre Evacuate Collection Set: 0.5ms
[2024-12-11T15:46:20.609+0530][gc,phases     ] GC(15)   Evacuate Collection Set: 9.4ms
[2024-12-11T15:46:20.609+0530][gc,phases     ] GC(15)   Post Evacuate Collection Set: 0.9ms
[2024-12-11T15:46:20.609+0530][gc,phases     ] GC(15)   Other: 2.1ms
[2024-12-11T15:46:20.609+0530][gc,heap       ] GC(15) Eden regions: 56->0(93)
[2024-12-11T15:46:20.609+0530][gc,heap       ] GC(15) Survivor regions: 5->4(8)
[2024-12-11T15:46:20.609+0530][gc,heap       ] GC(15) Old regions: 19->19
[2024-12-11T15:46:20.609+0530][gc,heap       ] GC(15) Humongous regions: 129->129
[2024-12-11T15:46:20.609+0530][gc,metaspace  ] GC(15) Metaspace: 54023K(57104K)->54023K(57104K) NonClass: 47391K(49072K)->47391K(49072K) Class: 6631K(8032K)->6631K(8032K)
[2024-12-11T15:46:20.609+0530][gc            ] GC(15) Pause Young (Normal) (G1 Evacuation Pause) 207M->150M(1024M) 13.005ms
[2024-12-11T15:46:20.609+0530][gc,cpu        ] GC(15) User=0.02s Sys=0.00s Real=0.01s
[2024-12-11T16:30:22.323+0530][gc,start      ] GC(16) Pause Young (Normal) (G1 Evacuation Pause)
[2024-12-11T16:30:22.324+0530][gc,task       ] GC(16) Using 8 workers of 8 for evacuation
[2024-12-11T16:30:22.335+0530][gc,phases     ] GC(16)   Pre Evacuate Collection Set: 0.5ms
[2024-12-11T16:30:22.335+0530][gc,phases     ] GC(16)   Evacuate Collection Set: 9.0ms
[2024-12-11T16:30:22.335+0530][gc,phases     ] GC(16)   Post Evacuate Collection Set: 0.7ms
[2024-12-11T16:30:22.335+0530][gc,phases     ] GC(16)   Other: 2.5ms
[2024-12-11T16:30:22.335+0530][gc,heap       ] GC(16) Eden regions: 93->0(105)
[2024-12-11T16:30:22.335+0530][gc,heap       ] GC(16) Survivor regions: 4->4(13)
[2024-12-11T16:30:22.335+0530][gc,heap       ] GC(16) Old regions: 19->19
[2024-12-11T16:30:22.335+0530][gc,heap       ] GC(16) Humongous regions: 129->129
[2024-12-11T16:30:22.335+0530][gc,metaspace  ] GC(16) Metaspace: 54253K(57488K)->54253K(57488K) NonClass: 47612K(49328K)->47612K(49328K) Class: 6641K(8160K)->6641K(8160K)
[2024-12-11T16:30:22.335+0530][gc            ] GC(16) Pause Young (Normal) (G1 Evacuation Pause) 243M->150M(1024M) 12.791ms
[2024-12-11T16:30:22.336+0530][gc,cpu        ] GC(16) User=0.02s Sys=0.01s Real=0.01s
[2024-12-11T17:09:50.004+0530][gc,start      ] GC(17) Pause Young (Normal) (G1 Evacuation Pause)
[2024-12-11T17:09:50.005+0530][gc,task       ] GC(17) Using 8 workers of 8 for evacuation
[2024-12-11T17:09:50.019+0530][gc,phases     ] GC(17)   Pre Evacuate Collection Set: 0.5ms
[2024-12-11T17:09:50.019+0530][gc,phases     ] GC(17)   Evacuate Collection Set: 11.6ms
[2024-12-11T17:09:50.019+0530][gc,phases     ] GC(17)   Post Evacuate Collection Set: 1.0ms
[2024-12-11T17:09:50.019+0530][gc,phases     ] GC(17)   Other: 2.1ms
[2024-12-11T17:09:50.019+0530][gc,heap       ] GC(17) Eden regions: 105->0(118)
[2024-12-11T17:09:50.019+0530][gc,heap       ] GC(17) Survivor regions: 4->4(14)
[2024-12-11T17:09:50.019+0530][gc,heap       ] GC(17) Old regions: 19->19
[2024-12-11T17:09:50.019+0530][gc,heap       ] GC(17) Humongous regions: 129->129
[2024-12-11T17:09:50.019+0530][gc,metaspace  ] GC(17) Metaspace: 54255K(57488K)->54255K(57488K) NonClass: 47613K(49328K)->47613K(49328K) Class: 6641K(8160K)->6641K(8160K)
[2024-12-11T17:09:50.019+0530][gc            ] GC(17) Pause Young (Normal) (G1 Evacuation Pause) 255M->150M(1024M) 15.511ms
[2024-12-11T17:09:50.019+0530][gc,cpu        ] GC(17) User=0.03s Sys=0.01s Real=0.01s
[2024-12-11T17:54:50.634+0530][gc,start      ] GC(18) Pause Young (Normal) (G1 Evacuation Pause)
[2024-12-11T17:54:50.635+0530][gc,task       ] GC(18) Using 8 workers of 8 for evacuation
[2024-12-11T17:54:50.644+0530][gc,phases     ] GC(18)   Pre Evacuate Collection Set: 0.4ms
[2024-12-11T17:54:50.644+0530][gc,phases     ] GC(18)   Evacuate Collection Set: 7.2ms
[2024-12-11T17:54:50.644+0530][gc,phases     ] GC(18)   Post Evacuate Collection Set: 0.6ms
[2024-12-11T17:54:50.644+0530][gc,phases     ] GC(18)   Other: 1.8ms
[2024-12-11T17:54:50.644+0530][gc,heap       ] GC(18) Eden regions: 118->0(126)
[2024-12-11T17:54:50.644+0530][gc,heap       ] GC(18) Survivor regions: 4->4(16)
[2024-12-11T17:54:50.644+0530][gc,heap       ] GC(18) Old regions: 19->19
[2024-12-11T17:54:50.644+0530][gc,heap       ] GC(18) Humongous regions: 129->129
[2024-12-11T17:54:50.644+0530][gc,metaspace  ] GC(18) Metaspace: 54267K(57488K)->54267K(57488K) NonClass: 47626K(49328K)->47626K(49328K) Class: 6641K(8160K)->6641K(8160K)
[2024-12-11T17:54:50.644+0530][gc            ] GC(18) Pause Young (Normal) (G1 Evacuation Pause) 268M->150M(1024M) 10.264ms
[2024-12-11T17:54:50.644+0530][gc,cpu        ] GC(18) User=0.02s Sys=0.01s Real=0.01s
[2024-12-11T18:43:08.009+0530][gc,start      ] GC(19) Pause Young (Normal) (G1 Evacuation Pause)
[2024-12-11T18:43:08.010+0530][gc,task       ] GC(19) Using 8 workers of 8 for evacuation
[2024-12-11T18:43:08.023+0530][gc,phases     ] GC(19)   Pre Evacuate Collection Set: 0.5ms
[2024-12-11T18:43:08.023+0530][gc,phases     ] GC(19)   Evacuate Collection Set: 10.6ms
[2024-12-11T18:43:08.023+0530][gc,phases     ] GC(19)   Post Evacuate Collection Set: 1.1ms
[2024-12-11T18:43:08.023+0530][gc,phases     ] GC(19)   Other: 2.1ms
[2024-12-11T18:43:08.023+0530][gc,heap       ] GC(19) Eden regions: 126->0(135)
[2024-12-11T18:43:08.023+0530][gc,heap       ] GC(19) Survivor regions: 4->4(17)
[2024-12-11T18:43:08.023+0530][gc,heap       ] GC(19) Old regions: 19->19
[2024-12-11T18:43:08.023+0530][gc,heap       ] GC(19) Humongous regions: 129->129
[2024-12-11T18:43:08.023+0530][gc,metaspace  ] GC(19) Metaspace: 54275K(57488K)->54275K(57488K) NonClass: 47634K(49328K)->47634K(49328K) Class: 6641K(8160K)->6641K(8160K)
[2024-12-11T18:43:08.023+0530][gc            ] GC(19) Pause Young (Normal) (G1 Evacuation Pause) 276M->150M(1024M) 14.584ms
[2024-12-11T18:43:08.023+0530][gc,cpu        ] GC(19) User=0.03s Sys=0.01s Real=0.02s
[2024-12-11T19:34:53.329+0530][gc,start      ] GC(20) Pause Young (Normal) (G1 Evacuation Pause)
[2024-12-11T19:34:53.331+0530][gc,task       ] GC(20) Using 8 workers of 8 for evacuation
[2024-12-11T19:34:53.346+0530][gc,phases     ] GC(20)   Pre Evacuate Collection Set: 0.5ms
[2024-12-11T19:34:53.346+0530][gc,phases     ] GC(20)   Evacuate Collection Set: 12.5ms
[2024-12-11T19:34:53.346+0530][gc,phases     ] GC(20)   Post Evacuate Collection Set: 1.8ms
[2024-12-11T19:34:53.346+0530][gc,phases     ] GC(20)   Other: 2.1ms
[2024-12-11T19:34:53.346+0530][gc,heap       ] GC(20) Eden regions: 135->0(143)
[2024-12-11T19:34:53.346+0530][gc,heap       ] GC(20) Survivor regions: 4->4(18)
[2024-12-11T19:34:53.346+0530][gc,heap       ] GC(20) Old regions: 19->19
[2024-12-11T19:34:53.346+0530][gc,heap       ] GC(20) Humongous regions: 129->129
[2024-12-11T19:34:53.346+0530][gc,metaspace  ] GC(20) Metaspace: 54277K(57488K)->54277K(57488K) NonClass: 47636K(49328K)->47636K(49328K) Class: 6641K(8160K)->6641K(8160K)
[2024-12-11T19:34:53.346+0530][gc            ] GC(20) Pause Young (Normal) (G1 Evacuation Pause) 285M->150M(1024M) 17.280ms
[2024-12-11T19:34:53.346+0530][gc,cpu        ] GC(20) User=0.03s Sys=0.01s Real=0.02s
[2024-12-11T22:13:48.443+0530][gc,start      ] GC(21) Pause Young (Normal) (G1 Evacuation Pause)
[2024-12-11T22:13:48.443+0530][gc,task       ] GC(21) Using 8 workers of 8 for evacuation
[2024-12-11T22:13:48.457+0530][gc,phases     ] GC(21)   Pre Evacuate Collection Set: 0.6ms
[2024-12-11T22:13:48.457+0530][gc,phases     ] GC(21)   Evacuate Collection Set: 11.7ms
[2024-12-11T22:13:48.457+0530][gc,phases     ] GC(21)   Post Evacuate Collection Set: 0.8ms
[2024-12-11T22:13:48.457+0530][gc,phases     ] GC(21)   Other: 1.2ms
[2024-12-11T22:13:48.457+0530][gc,heap       ] GC(21) Eden regions: 143->0(158)
[2024-12-11T22:13:48.457+0530][gc,heap       ] GC(21) Survivor regions: 4->4(19)
[2024-12-11T22:13:48.457+0530][gc,heap       ] GC(21) Old regions: 19->19
[2024-12-11T22:13:48.457+0530][gc,heap       ] GC(21) Humongous regions: 129->129
[2024-12-11T22:13:48.457+0530][gc,metaspace  ] GC(21) Metaspace: 54291K(57488K)->54291K(57488K) NonClass: 47650K(49328K)->47650K(49328K) Class: 6641K(8160K)->6641K(8160K)
[2024-12-11T22:13:48.457+0530][gc            ] GC(21) Pause Young (Normal) (G1 Evacuation Pause) 293M->150M(1024M) 14.401ms
[2024-12-11T22:13:48.457+0530][gc,cpu        ] GC(21) User=0.02s Sys=0.02s Real=0.01s
[2024-12-11T23:14:13.415+0530][gc,start      ] GC(22) Pause Young (Normal) (G1 Evacuation Pause)
[2024-12-11T23:14:13.416+0530][gc,task       ] GC(22) Using 8 workers of 8 for evacuation
[2024-12-11T23:14:13.427+0530][gc,phases     ] GC(22)   Pre Evacuate Collection Set: 0.2ms
[2024-12-11T23:14:13.427+0530][gc,phases     ] GC(22)   Evacuate Collection Set: 10.2ms
[2024-12-11T23:14:13.427+0530][gc,phases     ] GC(22)   Post Evacuate Collection Set: 0.6ms
[2024-12-11T23:14:13.427+0530][gc,phases     ] GC(22)   Other: 0.7ms
[2024-12-11T23:14:13.427+0530][gc,heap       ] GC(22) Eden regions: 158->0(174)
[2024-12-11T23:14:13.427+0530][gc,heap       ] GC(22) Survivor regions: 4->4(21)
[2024-12-11T23:14:13.427+0530][gc,heap       ] GC(22) Old regions: 19->19
[2024-12-11T23:14:13.427+0530][gc,heap       ] GC(22) Humongous regions: 129->129
[2024-12-11T23:14:13.427+0530][gc,metaspace  ] GC(22) Metaspace: 54299K(57488K)->54299K(57488K) NonClass: 47657K(49328K)->47657K(49328K) Class: 6641K(8160K)->6641K(8160K)
[2024-12-11T23:14:13.427+0530][gc            ] GC(22) Pause Young (Normal) (G1 Evacuation Pause) 308M->150M(1024M) 11.810ms
[2024-12-11T23:14:13.427+0530][gc,cpu        ] GC(22) User=0.02s Sys=0.01s Real=0.01s
[2024-12-12T00:21:20.157+0530][gc,start      ] GC(23) Pause Young (Normal) (G1 Evacuation Pause)
[2024-12-12T00:21:20.159+0530][gc,task       ] GC(23) Using 8 workers of 8 for evacuation
[2024-12-12T00:21:20.181+0530][gc,mmu        ] GC(23) MMU target violated: 21.0ms (20.0ms/21.0ms)
[2024-12-12T00:21:20.181+0530][gc,phases     ] GC(23)   Pre Evacuate Collection Set: 0.3ms
[2024-12-12T00:21:20.181+0530][gc,phases     ] GC(23)   Evacuate Collection Set: 19.8ms
[2024-12-12T00:21:20.181+0530][gc,phases     ] GC(23)   Post Evacuate Collection Set: 1.7ms
[2024-12-12T00:21:20.181+0530][gc,phases     ] GC(23)   Other: 2.8ms
[2024-12-12T00:21:20.181+0530][gc,heap       ] GC(23) Eden regions: 174->0(182)
[2024-12-12T00:21:20.181+0530][gc,heap       ] GC(23) Survivor regions: 4->4(23)
[2024-12-12T00:21:20.181+0530][gc,heap       ] GC(23) Old regions: 19->19
[2024-12-12T00:21:20.181+0530][gc,heap       ] GC(23) Humongous regions: 129->129
[2024-12-12T00:21:20.181+0530][gc,metaspace  ] GC(23) Metaspace: 54316K(57488K)->54316K(57488K) NonClass: 47674K(49328K)->47674K(49328K) Class: 6641K(8160K)->6641K(8160K)
[2024-12-12T00:21:20.182+0530][gc            ] GC(23) Pause Young (Normal) (G1 Evacuation Pause) 324M->150M(1024M) 24.767ms
[2024-12-12T00:21:20.182+0530][gc,cpu        ] GC(23) User=0.02s Sys=0.02s Real=0.03s
[2024-12-12T11:27:15.991+0530][gc,start      ] GC(24) Pause Young (Normal) (G1 Evacuation Pause)
[2024-12-12T11:27:15.992+0530][gc,task       ] GC(24) Using 8 workers of 8 for evacuation
[2024-12-12T11:27:16.006+0530][gc,phases     ] GC(24)   Pre Evacuate Collection Set: 0.5ms
[2024-12-12T11:27:16.006+0530][gc,phases     ] GC(24)   Evacuate Collection Set: 11.5ms
[2024-12-12T11:27:16.006+0530][gc,phases     ] GC(24)   Post Evacuate Collection Set: 1.3ms
[2024-12-12T11:27:16.006+0530][gc,phases     ] GC(24)   Other: 2.3ms
[2024-12-12T11:27:16.006+0530][gc,heap       ] GC(24) Eden regions: 182->0(189)
[2024-12-12T11:27:16.006+0530][gc,heap       ] GC(24) Survivor regions: 4->4(24)
[2024-12-12T11:27:16.006+0530][gc,heap       ] GC(24) Old regions: 19->19
[2024-12-12T11:27:16.006+0530][gc,heap       ] GC(24) Humongous regions: 129->129
[2024-12-12T11:27:16.006+0530][gc,metaspace  ] GC(24) Metaspace: 54339K(57488K)->54339K(57488K) NonClass: 47698K(49328K)->47698K(49328K) Class: 6641K(8160K)->6641K(8160K)
[2024-12-12T11:27:16.007+0530][gc            ] GC(24) Pause Young (Normal) (G1 Evacuation Pause) 332M->150M(1024M) 15.890ms
[2024-12-12T11:27:16.007+0530][gc,cpu        ] GC(24) User=0.03s Sys=0.02s Real=0.01s
[2024-12-12T12:40:10.618+0530][gc,start      ] GC(25) Pause Young (Normal) (G1 Evacuation Pause)
[2024-12-12T12:40:10.619+0530][gc,task       ] GC(25) Using 8 workers of 8 for evacuation
[2024-12-12T12:40:10.633+0530][gc,phases     ] GC(25)   Pre Evacuate Collection Set: 0.5ms
[2024-12-12T12:40:10.633+0530][gc,phases     ] GC(25)   Evacuate Collection Set: 12.2ms
[2024-12-12T12:40:10.633+0530][gc,phases     ] GC(25)   Post Evacuate Collection Set: 0.8ms
[2024-12-12T12:40:10.634+0530][gc,phases     ] GC(25)   Other: 2.1ms
[2024-12-12T12:40:10.634+0530][gc,heap       ] GC(25) Eden regions: 189->0(202)
[2024-12-12T12:40:10.634+0530][gc,heap       ] GC(25) Survivor regions: 4->3(25)
[2024-12-12T12:40:10.634+0530][gc,heap       ] GC(25) Old regions: 19->19
[2024-12-12T12:40:10.634+0530][gc,heap       ] GC(25) Humongous regions: 129->129
[2024-12-12T12:40:10.634+0530][gc,metaspace  ] GC(25) Metaspace: 54352K(57488K)->54352K(57488K) NonClass: 47710K(49328K)->47710K(49328K) Class: 6641K(8160K)->6641K(8160K)
[2024-12-12T12:40:10.634+0530][gc            ] GC(25) Pause Young (Normal) (G1 Evacuation Pause) 339M->150M(1024M) 15.947ms
[2024-12-12T12:40:10.634+0530][gc,cpu        ] GC(25) User=0.03s Sys=0.01s Real=0.02s
[2024-12-12T13:58:10.582+0530][gc,start      ] GC(26) Pause Young (Normal) (G1 Evacuation Pause)
[2024-12-12T13:58:10.583+0530][gc,task       ] GC(26) Using 8 workers of 8 for evacuation
[2024-12-12T13:58:10.596+0530][gc,phases     ] GC(26)   Pre Evacuate Collection Set: 0.5ms
[2024-12-12T13:58:10.596+0530][gc,phases     ] GC(26)   Evacuate Collection Set: 10.5ms
[2024-12-12T13:58:10.596+0530][gc,phases     ] GC(26)   Post Evacuate Collection Set: 0.9ms
[2024-12-12T13:58:10.596+0530][gc,phases     ] GC(26)   Other: 2.2ms
[2024-12-12T13:58:10.596+0530][gc,heap       ] GC(26) Eden regions: 202->0(204)
[2024-12-12T13:58:10.596+0530][gc,heap       ] GC(26) Survivor regions: 3->3(26)
[2024-12-12T13:58:10.596+0530][gc,heap       ] GC(26) Old regions: 19->19
[2024-12-12T13:58:10.596+0530][gc,heap       ] GC(26) Humongous regions: 129->129
[2024-12-12T13:58:10.596+0530][gc,metaspace  ] GC(26) Metaspace: 54353K(57488K)->54353K(57488K) NonClass: 47712K(49328K)->47712K(49328K) Class: 6641K(8160K)->6641K(8160K)
[2024-12-12T13:58:10.596+0530][gc            ] GC(26) Pause Young (Normal) (G1 Evacuation Pause) 352M->150M(1024M) 14.428ms
[2024-12-12T13:58:10.596+0530][gc,cpu        ] GC(26) User=0.02s Sys=0.02s Real=0.01s
[2024-12-12T15:58:57.745+0530][gc,start      ] GC(27) Pause Young (Normal) (G1 Evacuation Pause)
[2024-12-12T15:58:57.746+0530][gc,task       ] GC(27) Using 8 workers of 8 for evacuation
[2024-12-12T15:58:57.755+0530][gc,phases     ] GC(27)   Pre Evacuate Collection Set: 0.4ms
[2024-12-12T15:58:57.755+0530][gc,phases     ] GC(27)   Evacuate Collection Set: 7.6ms
[2024-12-12T15:58:57.755+0530][gc,phases     ] GC(27)   Post Evacuate Collection Set: 0.8ms
[2024-12-12T15:58:57.755+0530][gc,phases     ] GC(27)   Other: 1.9ms
[2024-12-12T15:58:57.755+0530][gc,heap       ] GC(27) Eden regions: 204->0(206)
[2024-12-12T15:58:57.755+0530][gc,heap       ] GC(27) Survivor regions: 3->3(26)
[2024-12-12T15:58:57.755+0530][gc,heap       ] GC(27) Old regions: 19->19
[2024-12-12T15:58:57.755+0530][gc,heap       ] GC(27) Humongous regions: 129->129
[2024-12-12T15:58:57.755+0530][gc,metaspace  ] GC(27) Metaspace: 54358K(57488K)->54358K(57488K) NonClass: 47717K(49328K)->47717K(49328K) Class: 6641K(8160K)->6641K(8160K)
[2024-12-12T15:58:57.755+0530][gc            ] GC(27) Pause Young (Normal) (G1 Evacuation Pause) 354M->150M(1024M) 10.983ms
[2024-12-12T15:58:57.756+0530][gc,cpu        ] GC(27) User=0.01s Sys=0.01s Real=0.01s
[2024-12-12T17:18:11.594+0530][gc,start      ] GC(28) Pause Young (Normal) (G1 Evacuation Pause)
[2024-12-12T17:18:11.596+0530][gc,task       ] GC(28) Using 8 workers of 8 for evacuation
[2024-12-12T17:18:11.611+0530][gc,phases     ] GC(28)   Pre Evacuate Collection Set: 0.5ms
[2024-12-12T17:18:11.611+0530][gc,phases     ] GC(28)   Evacuate Collection Set: 13.2ms
[2024-12-12T17:18:11.611+0530][gc,phases     ] GC(28)   Post Evacuate Collection Set: 1.1ms
[2024-12-12T17:18:11.611+0530][gc,phases     ] GC(28)   Other: 2.3ms
[2024-12-12T17:18:11.612+0530][gc,heap       ] GC(28) Eden regions: 206->0(207)
[2024-12-12T17:18:11.612+0530][gc,heap       ] GC(28) Survivor regions: 3->3(27)
[2024-12-12T17:18:11.612+0530][gc,heap       ] GC(28) Old regions: 19->19
[2024-12-12T17:18:11.612+0530][gc,heap       ] GC(28) Humongous regions: 129->129
[2024-12-12T17:18:11.612+0530][gc,metaspace  ] GC(28) Metaspace: 54362K(57488K)->54362K(57488K) NonClass: 47721K(49328K)->47721K(49328K) Class: 6641K(8160K)->6641K(8160K)
[2024-12-12T17:18:11.612+0530][gc            ] GC(28) Pause Young (Normal) (G1 Evacuation Pause) 356M->150M(1024M) 17.308ms
[2024-12-12T17:18:11.612+0530][gc,cpu        ] GC(28) User=0.02s Sys=0.02s Real=0.02s
[2024-12-12T19:19:27.530+0530][gc,start      ] GC(29) Pause Young (Normal) (G1 Evacuation Pause)
[2024-12-12T19:19:27.532+0530][gc,task       ] GC(29) Using 8 workers of 8 for evacuation
[2024-12-12T19:19:27.542+0530][gc,phases     ] GC(29)   Pre Evacuate Collection Set: 0.3ms
[2024-12-12T19:19:27.542+0530][gc,phases     ] GC(29)   Evacuate Collection Set: 7.0ms
[2024-12-12T19:19:27.542+0530][gc,phases     ] GC(29)   Post Evacuate Collection Set: 1.1ms
[2024-12-12T19:19:27.542+0530][gc,phases     ] GC(29)   Other: 4.0ms
[2024-12-12T19:19:27.542+0530][gc,heap       ] GC(29) Eden regions: 207->0(209)
[2024-12-12T19:19:27.542+0530][gc,heap       ] GC(29) Survivor regions: 3->3(27)
[2024-12-12T19:19:27.542+0530][gc,heap       ] GC(29) Old regions: 19->20
[2024-12-12T19:19:27.542+0530][gc,heap       ] GC(29) Humongous regions: 129->129
[2024-12-12T19:19:27.542+0530][gc,metaspace  ] GC(29) Metaspace: 54363K(57488K)->54363K(57488K) NonClass: 47722K(49328K)->47722K(49328K) Class: 6641K(8160K)->6641K(8160K)
[2024-12-12T19:19:27.542+0530][gc            ] GC(29) Pause Young (Normal) (G1 Evacuation Pause) 357M->150M(1024M) 12.470ms
[2024-12-12T19:19:27.542+0530][gc,cpu        ] GC(29) User=0.02s Sys=0.01s Real=0.01s
[2024-12-12T22:12:15.550+0530][gc,start      ] GC(30) Pause Young (Normal) (G1 Evacuation Pause)
[2024-12-12T22:12:15.551+0530][gc,task       ] GC(30) Using 8 workers of 8 for evacuation
[2024-12-12T22:12:15.559+0530][gc,phases     ] GC(30)   Pre Evacuate Collection Set: 0.3ms
[2024-12-12T22:12:15.559+0530][gc,phases     ] GC(30)   Evacuate Collection Set: 6.2ms
[2024-12-12T22:12:15.559+0530][gc,phases     ] GC(30)   Post Evacuate Collection Set: 0.9ms
[2024-12-12T22:12:15.559+0530][gc,phases     ] GC(30)   Other: 1.8ms
[2024-12-12T22:12:15.559+0530][gc,heap       ] GC(30) Eden regions: 209->0(226)
[2024-12-12T22:12:15.559+0530][gc,heap       ] GC(30) Survivor regions: 3->1(27)
[2024-12-12T22:12:15.559+0530][gc,heap       ] GC(30) Old regions: 20->22
[2024-12-12T22:12:15.559+0530][gc,heap       ] GC(30) Humongous regions: 129->129
[2024-12-12T22:12:15.559+0530][gc,metaspace  ] GC(30) Metaspace: 54375K(57488K)->54375K(57488K) NonClass: 47734K(49328K)->47734K(49328K) Class: 6641K(8160K)->6641K(8160K)
[2024-12-12T22:12:15.559+0530][gc            ] GC(30) Pause Young (Normal) (G1 Evacuation Pause) 359M->150M(1024M) 9.404ms
[2024-12-12T22:12:15.559+0530][gc,cpu        ] GC(30) User=0.01s Sys=0.01s Real=0.00s
[2024-12-12T23:39:16.066+0530][gc,start      ] GC(31) Pause Young (Normal) (G1 Evacuation Pause)
[2024-12-12T23:39:16.067+0530][gc,task       ] GC(31) Using 8 workers of 8 for evacuation
[2024-12-12T23:39:16.071+0530][gc,phases     ] GC(31)   Pre Evacuate Collection Set: 0.2ms
[2024-12-12T23:39:16.071+0530][gc,phases     ] GC(31)   Evacuate Collection Set: 2.8ms
[2024-12-12T23:39:16.071+0530][gc,phases     ] GC(31)   Post Evacuate Collection Set: 0.5ms
[2024-12-12T23:39:16.071+0530][gc,phases     ] GC(31)   Other: 1.4ms
[2024-12-12T23:39:16.071+0530][gc,heap       ] GC(31) Eden regions: 226->0(237)
[2024-12-12T23:39:16.071+0530][gc,heap       ] GC(31) Survivor regions: 1->1(29)
[2024-12-12T23:39:16.071+0530][gc,heap       ] GC(31) Old regions: 22->22
[2024-12-12T23:39:16.071+0530][gc,heap       ] GC(31) Humongous regions: 129->129
[2024-12-12T23:39:16.071+0530][gc,metaspace  ] GC(31) Metaspace: 54380K(57488K)->54380K(57488K) NonClass: 47739K(49328K)->47739K(49328K) Class: 6641K(8160K)->6641K(8160K)
[2024-12-12T23:39:16.072+0530][gc            ] GC(31) Pause Young (Normal) (G1 Evacuation Pause) 376M->150M(1024M) 5.138ms
[2024-12-12T23:39:16.072+0530][gc,cpu        ] GC(31) User=0.00s Sys=0.01s Real=0.01s
[2024-12-13T12:04:42.205+0530][gc,heap,exit  ] Heap
[2024-12-13T12:04:42.205+0530][gc,heap,exit  ]  garbage-first heap   total 1048576K, used 316168K [0x0000000780000000, 0x00000007c0000000)
[2024-12-13T12:04:42.205+0530][gc,heap,exit  ]   region size 1024K, 161 young (164864K), 1 survivors (1024K)
[2024-12-13T12:04:42.205+0530][gc,heap,exit  ]  Metaspace       used 55332K, capacity 58493K, committed 58768K, reserved 1099776K
[2024-12-13T12:04:42.205+0530][gc,heap,exit  ]   class space    used 6862K, capacity 8383K, committed 8416K, reserved 1048576K
