[2024-12-11T12:33:44.984+0530][gc,heap] Heap region size: 1M
[2024-12-11T12:33:44.985+0530][gc     ] Using G1
[2024-12-11T12:33:44.985+0530][gc,heap,coops] Heap address: 0x00000007a0000000, size: 512 MB, Compressed Oops mode: Zero based, Oop shift amount: 3
[2024-12-11T12:33:45.311+0530][gc,start     ] GC(0) Pause Young (Normal) (G1 Evacuation Pause)
[2024-12-11T12:33:45.311+0530][gc,task      ] GC(0) Using 8 workers of 8 for evacuation
[2024-12-11T12:33:45.314+0530][gc,phases    ] GC(0)   Pre Evacuate Collection Set: 0.0ms
[2024-12-11T12:33:45.314+0530][gc,phases    ] GC(0)   Evacuate Collection Set: 2.7ms
[2024-12-11T12:33:45.314+0530][gc,phases    ] GC(0)   Post Evacuate Collection Set: 0.2ms
[2024-12-11T12:33:45.314+0530][gc,phases    ] GC(0)   Other: 0.3ms
[2024-12-11T12:33:45.314+0530][gc,heap      ] GC(0) Eden regions: 25->0(21)
[2024-12-11T12:33:45.314+0530][gc,heap      ] GC(0) Survivor regions: 0->4(4)
[2024-12-11T12:33:45.314+0530][gc,heap      ] GC(0) Old regions: 0->5
[2024-12-11T12:33:45.314+0530][gc,heap      ] GC(0) Humongous regions: 0->0
[2024-12-11T12:33:45.314+0530][gc,metaspace ] GC(0) Metaspace: 14108K(14720K)->14108K(14720K) NonClass: 12675K(13056K)->12675K(13056K) Class: 1433K(1664K)->1433K(1664K)
[2024-12-11T12:33:45.314+0530][gc           ] GC(0) Pause Young (Normal) (G1 Evacuation Pause) 25M->8M(512M) 3.222ms
[2024-12-11T12:33:45.314+0530][gc,cpu       ] GC(0) User=0.01s Sys=0.00s Real=0.00s
[2024-12-11T13:35:28.199+0530][gc,start     ] GC(1) Pause Young (Normal) (G1 Evacuation Pause)
[2024-12-11T13:35:28.200+0530][gc,task      ] GC(1) Using 8 workers of 8 for evacuation
[2024-12-11T13:35:28.216+0530][gc,phases    ] GC(1)   Pre Evacuate Collection Set: 0.2ms
[2024-12-11T13:35:28.216+0530][gc,phases    ] GC(1)   Evacuate Collection Set: 13.9ms
[2024-12-11T13:35:28.216+0530][gc,phases    ] GC(1)   Post Evacuate Collection Set: 0.8ms
[2024-12-11T13:35:28.216+0530][gc,phases    ] GC(1)   Other: 2.1ms
[2024-12-11T13:35:28.216+0530][gc,heap      ] GC(1) Eden regions: 21->0(24)
[2024-12-11T13:35:28.216+0530][gc,heap      ] GC(1) Survivor regions: 4->1(4)
[2024-12-11T13:35:28.216+0530][gc,heap      ] GC(1) Old regions: 5->9
[2024-12-11T13:35:28.216+0530][gc,heap      ] GC(1) Humongous regions: 0->0
[2024-12-11T13:35:28.216+0530][gc,metaspace ] GC(1) Metaspace: 16938K(17536K)->16938K(17536K) NonClass: 15260K(15616K)->15260K(15616K) Class: 1678K(1920K)->1678K(1920K)
[2024-12-11T13:35:28.216+0530][gc           ] GC(1) Pause Young (Normal) (G1 Evacuation Pause) 29M->9M(512M) 17.472ms
[2024-12-11T13:35:28.216+0530][gc,cpu       ] GC(1) User=0.03s Sys=0.02s Real=0.02s
[2024-12-11T16:08:17.336+0530][gc,heap,exit ] Heap
[2024-12-11T16:08:17.336+0530][gc,heap,exit ]  garbage-first heap   total 524288K, used 16388K [0x00000007a0000000, 0x00000007c0000000)
[2024-12-11T16:08:17.336+0530][gc,heap,exit ]   region size 1024K, 9 young (9216K), 1 survivors (1024K)
[2024-12-11T16:08:17.336+0530][gc,heap,exit ]  Metaspace       used 16954K, capacity 17306K, committed 17536K, reserved 1064960K
[2024-12-11T16:08:17.336+0530][gc,heap,exit ]   class space    used 1680K, capacity 1852K, committed 1920K, reserved 1048576K
