[2024-12-13T16:55:48.508+0530][gc,heap] Heap region size: 1M
[2024-12-13T16:55:48.509+0530][gc     ] Using G1
[2024-12-13T16:55:48.509+0530][gc,heap,coops] Heap address: 0x00000007a0000000, size: 512 MB, Compressed Oops mode: Zero based, Oop shift amount: 3
[2024-12-13T16:55:48.887+0530][gc,start     ] GC(0) Pause Young (Normal) (G1 Evacuation Pause)
[2024-12-13T16:55:48.888+0530][gc,task      ] GC(0) Using 8 workers of 8 for evacuation
[2024-12-13T16:55:48.892+0530][gc,phases    ] GC(0)   Pre Evacuate Collection Set: 0.0ms
[2024-12-13T16:55:48.892+0530][gc,phases    ] GC(0)   Evacuate Collection Set: 3.6ms
[2024-12-13T16:55:48.892+0530][gc,phases    ] GC(0)   Post Evacuate Collection Set: 0.2ms
[2024-12-13T16:55:48.892+0530][gc,phases    ] GC(0)   Other: 0.3ms
[2024-12-13T16:55:48.892+0530][gc,heap      ] GC(0) Eden regions: 25->0(21)
[2024-12-13T16:55:48.892+0530][gc,heap      ] GC(0) Survivor regions: 0->4(4)
[2024-12-13T16:55:48.892+0530][gc,heap      ] GC(0) Old regions: 0->4
[2024-12-13T16:55:48.892+0530][gc,heap      ] GC(0) Humongous regions: 0->0
[2024-12-13T16:55:48.892+0530][gc,metaspace ] GC(0) Metaspace: 14124K(14720K)->14124K(14720K) NonClass: 12690K(13056K)->12690K(13056K) Class: 1433K(1664K)->1433K(1664K)
[2024-12-13T16:55:48.892+0530][gc           ] GC(0) Pause Young (Normal) (G1 Evacuation Pause) 25M->7M(512M) 4.229ms
[2024-12-13T16:55:48.892+0530][gc,cpu       ] GC(0) User=0.02s Sys=0.01s Real=0.01s
[2024-12-13T17:53:20.996+0530][gc,start     ] GC(1) Pause Young (Normal) (G1 Evacuation Pause)
[2024-12-13T17:53:20.998+0530][gc,task      ] GC(1) Using 8 workers of 8 for evacuation
[2024-12-13T17:53:21.013+0530][gc,phases    ] GC(1)   Pre Evacuate Collection Set: 0.2ms
[2024-12-13T17:53:21.014+0530][gc,phases    ] GC(1)   Evacuate Collection Set: 14.4ms
[2024-12-13T17:53:21.014+0530][gc,phases    ] GC(1)   Post Evacuate Collection Set: 0.5ms
[2024-12-13T17:53:21.014+0530][gc,phases    ] GC(1)   Other: 2.0ms
[2024-12-13T17:53:21.014+0530][gc,heap      ] GC(1) Eden regions: 21->0(24)
[2024-12-13T17:53:21.014+0530][gc,heap      ] GC(1) Survivor regions: 4->1(4)
[2024-12-13T17:53:21.014+0530][gc,heap      ] GC(1) Old regions: 4->9
[2024-12-13T17:53:21.014+0530][gc,heap      ] GC(1) Humongous regions: 0->0
[2024-12-13T17:53:21.014+0530][gc,metaspace ] GC(1) Metaspace: 16873K(17536K)->16873K(17536K) NonClass: 15195K(15616K)->15195K(15616K) Class: 1678K(1920K)->1678K(1920K)
[2024-12-13T17:53:21.014+0530][gc           ] GC(1) Pause Young (Normal) (G1 Evacuation Pause) 28M->9M(512M) 17.343ms
[2024-12-13T17:53:21.014+0530][gc,cpu       ] GC(1) User=0.02s Sys=0.02s Real=0.02s
