[2024-12-11T12:32:26.058+0530][gc,heap] Heap region size: 1M
[2024-12-11T12:32:26.058+0530][gc     ] Using G1
[2024-12-11T12:32:26.058+0530][gc,heap,coops] Heap address: 0x00000007a0000000, size: 512 MB, Compressed Oops mode: Zero based, Oop shift amount: 3
[2024-12-11T12:32:26.291+0530][gc,start     ] GC(0) Pause Young (Normal) (G1 Evacuation Pause)
[2024-12-11T12:32:26.291+0530][gc,task      ] GC(0) Using 8 workers of 8 for evacuation
[2024-12-11T12:32:26.294+0530][gc,phases    ] GC(0)   Pre Evacuate Collection Set: 0.0ms
[2024-12-11T12:32:26.294+0530][gc,phases    ] GC(0)   Evacuate Collection Set: 3.3ms
[2024-12-11T12:32:26.294+0530][gc,phases    ] GC(0)   Post Evacuate Collection Set: 0.2ms
[2024-12-11T12:32:26.294+0530][gc,phases    ] GC(0)   Other: 0.2ms
[2024-12-11T12:32:26.294+0530][gc,heap      ] GC(0) Eden regions: 25->0(21)
[2024-12-11T12:32:26.294+0530][gc,heap      ] GC(0) Survivor regions: 0->4(4)
[2024-12-11T12:32:26.294+0530][gc,heap      ] GC(0) Old regions: 0->5
[2024-12-11T12:32:26.294+0530][gc,heap      ] GC(0) Humongous regions: 0->0
[2024-12-11T12:32:26.294+0530][gc,metaspace ] GC(0) Metaspace: 14116K(14720K)->14116K(14720K) NonClass: 12683K(13056K)->12683K(13056K) Class: 1433K(1664K)->1433K(1664K)
[2024-12-11T12:32:26.294+0530][gc           ] GC(0) Pause Young (Normal) (G1 Evacuation Pause) 25M->8M(512M) 3.767ms
[2024-12-11T12:32:26.294+0530][gc,cpu       ] GC(0) User=0.02s Sys=0.00s Real=0.00s
[2024-12-11T12:32:26.325+0530][gc,heap,exit ] Heap
[2024-12-11T12:32:26.325+0530][gc,heap,exit ]  garbage-first heap   total 524288K, used 11704K [0x00000007a0000000, 0x00000007c0000000)
[2024-12-11T12:32:26.325+0530][gc,heap,exit ]   region size 1024K, 8 young (8192K), 4 survivors (4096K)
[2024-12-11T12:32:26.325+0530][gc,heap,exit ]  Metaspace       used 14773K, capacity 15092K, committed 15232K, reserved 1062912K
[2024-12-11T12:32:26.325+0530][gc,heap,exit ]   class space    used 1508K, capacity 1647K, committed 1664K, reserved 1048576K
